LX51 LINKER/LOCATER V4.41                                                               05/11/2021  23:04:59  PAGE 1


LX51 LINKER/LOCATER V4.41, INVOKED BY:
C:\RJ\KEIL_V5\C51\BIN\LX51.EXE STARTUP.obj, main.obj, uart.obj, ePaper.obj, LED.obj, smg.obj, mycommon.obj, oled.obj TO 
>> 51spi


CPU MODE:     8051 MODE
MEMORY MODEL: LARGE WITH FLOATING POINT ARITHMETIC


INPUT MODULES INCLUDED:
  STARTUP.obj (?C_STARTUP)
         COMMENT TYPE 1: A51 / ASM51 Assembler
  main.obj (MAIN)
         COMMENT TYPE 0: C51 V9.00
  uart.obj (UART)
         COMMENT TYPE 0: C51 V9.00
  ePaper.obj (EPAPER)
         COMMENT TYPE 0: C51 V9.00
  LED.obj (LED)
         COMMENT TYPE 0: C51 V9.00
  smg.obj (SMG)
         COMMENT TYPE 0: C51 V9.00
  mycommon.obj (MYCOMMON)
         COMMENT TYPE 0: C51 V9.00
  oled.obj (OLED)
         COMMENT TYPE 0: C51 V9.00
  C:\RJ\KEIL_V5\C51\LIB\C51FPL.LIB (?C?FPADD)
         COMMENT TYPE 1: A51 / ASM51 Assembler
  C:\RJ\KEIL_V5\C51\LIB\C51FPL.LIB (?C?FPMUL)
         COMMENT TYPE 1: A51 / ASM51 Assembler
  C:\RJ\KEIL_V5\C51\LIB\C51FPL.LIB (?C?FPCMP)
         COMMENT TYPE 1: A51 / ASM51 Assembler
  C:\RJ\KEIL_V5\C51\LIB\C51FPL.LIB (?C?FPNEG)
         COMMENT TYPE 1: A51 / ASM51 Assembler
  C:\RJ\KEIL_V5\C51\LIB\C51FPL.LIB (?C?FCAST)
         COMMENT TYPE 1: A51 / ASM51 Assembler
  C:\RJ\KEIL_V5\C51\LIB\C51FPL.LIB (?C?CASTF)
         COMMENT TYPE 1: A51 / ASM51 Assembler
  C:\RJ\KEIL_V5\C51\LIB\C51FPL.LIB (PRINTF)
         COMMENT TYPE 1: A51 / ASM51 Assembler
  C:\RJ\KEIL_V5\C51\LIB\C51FPL.LIB (?C?FPGETOPN)
         COMMENT TYPE 1: A51 / ASM51 Assembler
  C:\RJ\KEIL_V5\C51\LIB\C51FPL.LIB (?C?FPROUND)
         COMMENT TYPE 1: A51 / ASM51 Assembler
  C:\RJ\KEIL_V5\C51\LIB\C51FPL.LIB (?C?FPCONVERT)
         COMMENT TYPE 1: A51 / ASM51 Assembler
  C:\RJ\KEIL_V5\C51\LIB\C51FPL.LIB (?C?FPDIV)
         COMMENT TYPE 1: A51 / ASM51 Assembler
  C:\RJ\KEIL_V5\C51\LIB\C51FPL.LIB (?C?FTNPWR)
         COMMENT TYPE 1: A51 / ASM51 Assembler
  C:\RJ\KEIL_V5\C51\LIB\C51L.LIB (?C?CLDPTR)
         COMMENT TYPE 1: A51 / ASM51 Assembler
  C:\RJ\KEIL_V5\C51\LIB\C51L.LIB (?C?CLDOPTR)
         COMMENT TYPE 1: A51 / ASM51 Assembler
  C:\RJ\KEIL_V5\C51\LIB\C51L.LIB (?C?CSTPTR)
         COMMENT TYPE 1: A51 / ASM51 Assembler
  C:\RJ\KEIL_V5\C51\LIB\C51L.LIB (?C?CSTOPTR)
         COMMENT TYPE 1: A51 / ASM51 Assembler
  C:\RJ\KEIL_V5\C51\LIB\C51L.LIB (?C?IMUL)
         COMMENT TYPE 1: A51 / ASM51 Assembler
  C:\RJ\KEIL_V5\C51\LIB\C51L.LIB (?C?LMUL)
         COMMENT TYPE 1: A51 / ASM51 Assembler
  C:\RJ\KEIL_V5\C51\LIB\C51L.LIB (?C?SLDIV)
         COMMENT TYPE 1: A51 / ASM51 Assembler
  C:\RJ\KEIL_V5\C51\LIB\C51L.LIB (?C?LNEG)
         COMMENT TYPE 1: A51 / ASM51 Assembler
LX51 LINKER/LOCATER V4.41                                                             05/11/2021  23:04:59  PAGE 2


  C:\RJ\KEIL_V5\C51\LIB\C51L.LIB (?C?LSTXDATA)
         COMMENT TYPE 1: A51 / ASM51 Assembler
  C:\RJ\KEIL_V5\C51\LIB\C51L.LIB (?C?LSTKXDATA)
         COMMENT TYPE 1: A51 / ASM51 Assembler
  C:\RJ\KEIL_V5\C51\LIB\C51L.LIB (?C?PLDIXDATA)
         COMMENT TYPE 1: A51 / ASM51 Assembler
  C:\RJ\KEIL_V5\C51\LIB\C51L.LIB (?C?PSTXDATA)
         COMMENT TYPE 1: A51 / ASM51 Assembler
  C:\RJ\KEIL_V5\C51\LIB\C51L.LIB (?C?CCASE)
         COMMENT TYPE 1: A51 / ASM51 Assembler
  C:\RJ\KEIL_V5\C51\LIB\C51L.LIB (PUTCHAR)
         COMMENT TYPE 1: A51 / ASM51 Assembler
  C:\RJ\KEIL_V5\C51\LIB\C51L.LIB (STRLEN)
         COMMENT TYPE 1: A51 / ASM51 Assembler
  C:\RJ\KEIL_V5\C51\LIB\C51L.LIB (?C?ULDIV)
         COMMENT TYPE 1: A51 / ASM51 Assembler


ACTIVE MEMORY CLASSES OF MODULE:  51spi (?C_STARTUP)

BASE        START       END         USED      MEMORY CLASS
==========================================================
C:000000H   C:000000H   C:00FFFFH   001923H   CODE
I:000000H   I:000000H   I:0000FFH   000001H   IDATA
X:000000H   X:000000H   X:00FFFFH   00008EH   XDATA
I:000020H.0 I:000020H.0 I:00002FH.7 000001H.2 BIT
C:000000H   C:000000H   C:00FFFFH   000244H   CONST
I:000000H   I:000000H   I:00007FH   00000DH   DATA


MEMORY MAP OF MODULE:  51spi (?C_STARTUP)


START     STOP      LENGTH    ALIGN  RELOC    MEMORY CLASS   SEGMENT NAME
=========================================================================

* * * * * * * * * * *   D A T A   M E M O R Y   * * * * * * * * * * * * *
000000H   000007H   000008H   ---    AT..     DATA           "REG BANK 0"
000008H   00000CH   000005H   BYTE   UNIT     DATA           ?DT?PRINTF?PRINTF
00000DH.0 00001FH.7 000013H.0 ---    ---      **GAP**
000020H.0 000021H.0 000001H.1 BIT    UNIT     BIT            ?BI?PRINTF?PRINTF
000021H.1 000021H.1 000000H.1 BIT    UNIT     BIT            ?BI?_DISPLAYNUM6_8?EPAPER
000021H.2 000021H   000000H.6 ---    ---      **GAP**
000022H   000022H   000001H   BYTE   UNIT     IDATA          ?STACK

* * * * * * * * * * *   C O D E   M E M O R Y   * * * * * * * * * * * * *
000000H   000002H   000003H   ---    OFFS..   CODE           ?CO??C_STARTUP?0
000003H   000020H   00001EH   BYTE   UNIT     CODE           ?PR?_DELAY?MYCOMMON
000021H   000021H   000001H   BYTE   UNIT     CODE           ?PR?IRQ_RECEIVE?UART
000022H   000022H   000001H   ---    ---      **GAP**
000023H   000025H   000003H   BYTE   OFFS..   CODE           ?UART?00023
000026H   0007ECH   0007C7H   BYTE   UNIT     CODE           ?C?LIB_CODE
0007EDH   000C6FH   000483H   BYTE   UNIT     CODE           ?PR?PRINTF?PRINTF
000C70H   000FA4H   000335H   BYTE   UNIT     CODE           ?PR?_DISPLAYNUM6_8?EPAPER
000FA5H   00106FH   0000CBH   BYTE   UNIT     CODE           ?PR?_SET_PAR_POS6_8?EPAPER
001070H   00111DH   0000AEH   BYTE   UNIT     CODE           ?PR?INITOLED?OLED
00111EH   0011B8H   00009BH   BYTE   UNIT     CODE           ?PR?_OLED_P6X8STR?OLED
0011B9H   001244H   00008CH   BYTE   UNIT     CODE           ?PR?_LEDFLICKER?LED
001245H   0012CAH   000086H   BYTE   UNIT     CODE           ?PR?_OLED_DISPLAYNUM6_8?OLED
0012CBH   001348H   00007EH   BYTE   UNIT     CODE           ?PR?_MYPOW?MYCOMMON
001349H   0013B9H   000071H   BYTE   UNIT     CODE           ?PR?EPAPERCLEAN?EPAPER
0013BAH   001421H   000068H   BYTE   UNIT     CODE           ?PR?_DISPLAYCHAR6_8?EPAPER
001422H   001485H   000064H   BYTE   UNIT     CODE           ?PR?_SENDDATE2?EPAPER
001486H   0014DDH   000058H   BYTE   UNIT     CODE           ?PR?_ISDECIMAL?MYCOMMON
0014DEH   001532H   000055H   BYTE   UNIT     CODE           ?PR?EPAPERDISPLAYALL?EPAPER
LX51 LINKER/LOCATER V4.41                                                             05/11/2021  23:04:59  PAGE 3


001533H   00157CH   00004AH   BYTE   UNIT     CODE           ?PR?_SENDDATE?EPAPER
00157DH   0015C3H   000047H   BYTE   UNIT     CODE           ?PR?EPAPERINIT?EPAPER
0015C4H   001608H   000045H   BYTE   UNIT     CODE           ?PR?MAIN?MAIN
001609H   00164CH   000044H   BYTE   UNIT     CODE           ?PR?_SENDCOM?EPAPER
00164DH   001690H   000044H   BYTE   UNIT     CODE           ?PR?_OLEDSENDCMD?OLED
001691H   0016D4H   000044H   BYTE   UNIT     CODE           ?PR?_OLEDSENDDATE?OLED
0016D5H   001718H   000044H   BYTE   UNIT     CODE           ?C?LDIV
001719H   001757H   00003FH   BYTE   UNIT     CODE           ?PR?OLED_CLEAR?OLED
001758H   001790H   000039H   BYTE   UNIT     CODE           ?PR?_MYABS?MYCOMMON
001791H   0017C6H   000036H   BYTE   UNIT     CODE           ?CO?MAIN
0017C7H   0017EFH   000029H   BYTE   UNIT     CODE           ?PR?_OLED_SET_POS?OLED
0017F0H   001816H   000027H   BYTE   UNIT     CODE           ?PR?PUTCHAR?PUTCHAR
001817H   00183AH   000024H   BYTE   UNIT     CODE           ?PR?LCD_CHKSTATUS?EPAPER
00183BH   001856H   00001CH   BYTE   UNIT     CODE           ?PR?_SENDCHAR?UART
001857H   001872H   00001CH   BYTE   UNIT     CODE           ?PR?EPAPERSLEEP?EPAPER
001873H   00188DH   00001BH   BYTE   UNIT     CODE           ?PR?RESET?EPAPER
00188EH   0018A5H   000018H   BYTE   UNIT     CODE           ?PR?EPAPERREFRESH?EPAPER
0018A6H   0018BBH   000016H   BYTE   UNIT     CODE           ?PR?UARTINIT?UART
0018BCH   0018D0H   000015H   BYTE   UNIT     CODE           ?PR?_DISPLAYSTR6_8?EPAPER
0018D1H   0018E5H   000015H   BYTE   UNIT     CODE           ?PR?_STRLEN?STRLEN
0018E6H   0018F4H   00000FH   BYTE   UNIT     CODE           ?PR?OLED_DISPLAY_ON?OLED
0018F5H   001903H   00000FH   BYTE   UNIT     CODE           ?PR?OLED_DISPLAY_OFF?OLED
001904H   00190FH   00000CH   BYTE   UNIT     CODE           ?C_C51STARTUP
001910H   00191BH   00000CH   BYTE   UNIT     CODE           ?PR?SENDDELAY?MYCOMMON
00191CH   001920H   000005H   BYTE   UNIT     CODE           ?PR?FLAGSENDONETIME?UART
001921H   001923H   000003H   BYTE   UNIT     CODE           ?CO?OLED
001924H   001B5DH   00023AH   BYTE   UNIT     CONST          ?CO?MYCOMMON
001B5EH   001B67H   00000AH   BYTE   UNIT     CONST          ?CO?SMG

* * * * * * * * * * *  X D A T A   M E M O R Y  * * * * * * * * * * * * *
000000H   00002FH   000030H   BYTE   UNIT     XDATA          ?XD?PRINTF?PRINTF
000030H   000044H   000015H   BYTE   UNIT     XDATA          ?XD?_DISPLAYNUM6_8?EPAPER
000045H   000054H   000010H   BYTE   UNIT     XDATA          _XDATA_GROUP_
000055H   000060H   00000CH   BYTE   UNIT     XDATA          ?XD?_MYPOW?MYCOMMON
000061H   00006AH   00000AH   BYTE   UNIT     XDATA          ?XD?_OLED_DISPLAYNUM6_8?OLED
00006BH   000072H   000008H   BYTE   UNIT     XDATA          ?XD?_OLED_P6X8STR?OLED
000073H   000078H   000006H   BYTE   UNIT     XDATA          ?XD?_DISPLAYCHAR6_8?EPAPER
000079H   00007DH   000005H   BYTE   UNIT     XDATA          ?XD?_SET_PAR_POS6_8?EPAPER
00007EH   000081H   000004H   BYTE   UNIT     XDATA          ?XD?_LEDFLICKER?LED
000082H   000085H   000004H   BYTE   UNIT     XDATA          ?XD?_MYABS?MYCOMMON
000086H   000089H   000004H   BYTE   UNIT     XDATA          ?XD?_ISDECIMAL?MYCOMMON
00008AH   00008BH   000002H   BYTE   UNIT     XDATA          ?XD?_SENDDATE2?EPAPER
00008CH   00008DH   000002H   BYTE   UNIT     XDATA          ?XD?EPAPERDISPLAYALL?EPAPER



OVERLAY MAP OF MODULE:   51spi (?C_STARTUP)


FUNCTION/MODULE               XDATA_GROUP
--> CALLED FUNCTION/MODULE    START  STOP
=========================================
?C_C51STARTUP                 ----- -----
  +--> ?PR?MAIN?MAIN

MAIN/MAIN                     0045H 004EH
  +--> ?PR?EPAPERINIT?EPAPER
  +--> ?PR?INITOLED?OLED
  +--> ?PR?OLED_CLEAR?OLED
  +--> ?PR?EPAPERCLEAN?EPAPER
  +--> ?PR?EPAPERREFRESH?EPAPER
  +--> ?PR?_DELAY?MYCOMMON
  +--> ?CO?MAIN
  +--> ?PR?_DISPLAYSTR6_8?EPAPER
  +--> ?PR?EPAPERSLEEP?EPAPER
LX51 LINKER/LOCATER V4.41                                                             05/11/2021  23:04:59  PAGE 4



EPAPERINIT/EPAPER             ----- -----
  +--> ?PR?RESET?EPAPER
  +--> ?PR?_SENDCOM?EPAPER
  +--> ?PR?_SENDDATE?EPAPER
  +--> ?PR?LCD_CHKSTATUS?EPAPER

RESET/EPAPER                  ----- -----
  +--> ?PR?_DELAY?MYCOMMON

_DELAY/MYCOMMON               ----- -----

_SENDCOM/EPAPER               0052H 0053H
  +--> ?PR?SENDDELAY?MYCOMMON

SENDDELAY/MYCOMMON            ----- -----

_SENDDATE/EPAPER              0052H 0053H
  +--> ?PR?SENDDELAY?MYCOMMON

LCD_CHKSTATUS/EPAPER          ----- -----
  +--> ?PR?_SENDCOM?EPAPER
  +--> ?PR?_DELAY?MYCOMMON

INITOLED/OLED                 ----- -----
  +--> ?PR?_DELAY?MYCOMMON
  +--> ?PR?_OLEDSENDCMD?OLED
  +--> ?PR?OLED_CLEAR?OLED
  +--> ?PR?_OLED_SET_POS?OLED

_OLEDSENDCMD/OLED             0051H 0052H
  +--> ?PR?SENDDELAY?MYCOMMON

OLED_CLEAR/OLED               004FH 0050H
  +--> ?PR?_OLEDSENDCMD?OLED
  +--> ?PR?_OLEDSENDDATE?OLED

_OLEDSENDDATE/OLED            0051H 0052H
  +--> ?PR?SENDDELAY?MYCOMMON

_OLED_SET_POS/OLED            004FH 004FH
  +--> ?PR?_OLEDSENDCMD?OLED

EPAPERCLEAN/EPAPER            004FH 0051H
  +--> ?PR?_SENDCOM?EPAPER
  +--> ?PR?_SENDDATE?EPAPER

EPAPERREFRESH/EPAPER          ----- -----
  +--> ?PR?_SENDCOM?EPAPER
  +--> ?PR?_DELAY?MYCOMMON
  +--> ?PR?LCD_CHKSTATUS?EPAPER

?CO?MAIN                      ----- -----

_DISPLAYSTR6_8/EPAPER         004FH 0054H

EPAPERSLEEP/EPAPER            ----- -----
  +--> ?PR?_SENDCOM?EPAPER
  +--> ?PR?_SENDDATE?EPAPER
  +--> ?PR?LCD_CHKSTATUS?EPAPER

*** NEW ROOT ****************

IRQ_RECEIVE/UART              ----- -----

LX51 LINKER/LOCATER V4.41                                                             05/11/2021  23:04:59  PAGE 5




PUBLIC SYMBOLS OF MODULE:  51spi (?C_STARTUP)


      VALUE       CLASS    TYPE      PUBLIC SYMBOL NAME
      =================================================
      02000030H   XDATA    BYTE      ?_Displaynum6_8?BYTE
      02000055H   XDATA    BYTE      ?_mypow?BYTE
      02000061H   XDATA    BYTE      ?_OLED_Displaynum6_8?BYTE
      02000000H   XDATA    ---       ?_PRINTF?BYTE
      02000000H   XDATA    ---       ?_SPRINTF?BYTE
      010002E0H   CODE     ---       ?C?CASTF
      010006F9H   CODE     ---       ?C?CCASE
      010005CCH   CODE     ---       ?C?CLDOPTR
      010005B3H   CODE     ---       ?C?CLDPTR
      00000000H   NUMBER   ---       ?C?CODESEG
      0100060BH   CODE     ---       ?C?CSTOPTR
      010005F9H   CODE     ---       ?C?CSTPTR
      010002ACH   CODE     ---       ?C?FCASTC
      010002A7H   CODE     ---       ?C?FCASTI
      010002A2H   CODE     ---       ?C?FCASTL
      0100002DH   CODE     ---       ?C?FPADD
      01000226H   CODE     ---       ?C?FPCMP
      01000224H   CODE     ---       ?C?FPCMP3
      0100039EH   CODE     ---       ?C?FPCONVERT
      010004A6H   CODE     ---       ?C?FPDIV
      01000317H   CODE     ---       ?C?FPGETOPN2
      0100011EH   CODE     ---       ?C?FPMUL
      0100034CH   CODE     ---       ?C?FPNANRESULT
      01000291H   CODE     ---       ?C?FPNEG
      01000356H   CODE     ---       ?C?FPOVERFLOW
      0100032EH   CODE     ---       ?C?FPRESULT
      01000342H   CODE     ---       ?C?FPRESULT2
      01000361H   CODE     ---       ?C?FPROUND
      01000029H   CODE     ---       ?C?FPSUB
      01000353H   CODE     ---       ?C?FPUNDERFLOW
      01000573H   CODE     ---       ?C?FTNPWR
      0100062DH   CODE     ---       ?C?IMUL
      0100063FH   CODE     ---       ?C?LMUL
      0100068EH   CODE     ---       ?C?LNEG
      010006A8H   CODE     ---       ?C?LSTKXDATA
      0100069CH   CODE     ---       ?C?LSTXDATA
      010006D9H   CODE     ---       ?C?PLDIXDATA
      010006F0H   CODE     ---       ?C?PSTXDATA
      010016D5H   CODE     ---       ?C?SLDIV
      0100075BH   CODE     ---       ?C?ULDIV
      00000000H   NUMBER   ---       ?C?XDATASEG
      010015C4H   CODE     ---       ?C_START
      01000000H   CODE     ---       ?C_STARTUP
      01000003H   CODE     ---       _delay
      010013BAH   CODE     ---       _Displaychar6_8
      01000C70H   CODE     ---       _Displaynum6_8
      010018BCH   CODE     ---       _Displaystr6_8
      01001486H   CODE     ---       _isDecimal
      010011B9H   CODE     ---       _ledFlicker
      01001758H   CODE     ---       _myabs
      010012CBH   CODE     ---       _mypow
      01001245H   CODE     ---       _OLED_Displaynum6_8
      0100111EH   CODE     ---       _OLED_P6x8Str
      010017C7H   CODE     ---       _Oled_Set_Pos
      0100164DH   CODE     ---       _OledSendCmd
      01001691H   CODE     ---       _OledSendDate
      01000858H   CODE     ---       _PRINTF
      010017F0H   CODE     ---       _PUTCHAR
LX51 LINKER/LOCATER V4.41                                                             05/11/2021  23:04:59  PAGE 6


      0100183BH   CODE     ---       _sendChar
      01001609H   CODE     ---       _sendCom
      01001539H   CODE     ---       _sendDate
      01001442H   CODE     ---       _sendDate2
      01000FA5H   CODE     ---       _set_par_pos6_8
      01000852H   CODE     ---       _SPRINTF
      010018D1H   CODE     ---       _STRLEN
*SFR* 00000080H   DATA     BIT       a
*SFR* 000000D0H.6 DATA     BIT       AC
*SFR* 000000E0H   DATA     BYTE      ACC
*SFR* 00000090H.3 DATA     BIT       BUTTON
*SFR* 00000080H.2 DATA     BIT       c
*SFR* 000000C8H.1 DATA     BIT       C_T2
*SFR* 000000C8H   DATA     BIT       CP_RL2
*SFR* 000000D0H.7 DATA     BIT       CY
*SFR* 00000080H.3 DATA     BIT       d
*SFR* 00000083H   DATA     BYTE      DPH
*SFR* 00000082H   DATA     BYTE      DPL
*SFR* 00000080H.4 DATA     BIT       e
*SFR* 000000A8H.7 DATA     BIT       EA
*SFR* 00000080H   DATA     BIT       epaperBUSY
      01001349H   CODE     ---       epaperClean
*SFR* 00000080H.5 DATA     BIT       epaperCLK
*SFR* 00000080H.3 DATA     BIT       epaperCS
*SFR* 00000080H.2 DATA     BIT       epaperDC
*SFR* 00000080H.4 DATA     BIT       epaperDIN
      010014DEH   CODE     ---       epaperDisplayall
      0100157DH   CODE     ---       ePaperInit
      0100188EH   CODE     ---       epaperRefresh
*SFR* 00000080H.1 DATA     BIT       epaperRST
      01001857H   CODE     ---       epaperSleep
*SFR* 000000A8H.4 DATA     BIT       ES
*SFR* 000000A8H.1 DATA     BIT       ET0
*SFR* 000000A8H.3 DATA     BIT       ET1
*SFR* 000000A8H.5 DATA     BIT       ET2
*SFR* 000000A8H   DATA     BIT       EX0
*SFR* 000000A8H.2 DATA     BIT       EX1
*SFR* 000000C8H.3 DATA     BIT       EXEN2
*SFR* 000000C8H.6 DATA     BIT       EXF2
*SFR* 00000080H.5 DATA     BIT       f
*SFR* 000000D0H.5 DATA     BIT       F0
      01001924H   CONST    ---       F6x8
      0100191CH   CODE     ---       flagSendOneTime
*SFR* 00000090H.6 DATA     BIT       FMQ
*SFR* 00000080H.6 DATA     BIT       g
*SFR* 00000080H.7 DATA     BIT       h
*SFR* 000000A8H   DATA     BYTE      IE
*SFR* 00000088H.1 DATA     BIT       IE0
*SFR* 00000088H.3 DATA     BIT       IE1
      01001070H   CODE     ---       InitOled
*SFR* 000000B0H.2 DATA     BIT       INT0
*SFR* 000000B0H.3 DATA     BIT       INT1
*SFR* 000000B8H   DATA     BYTE      IP
      01000021H   CODE     ---       irq_receive
*SFR* 00000088H   DATA     BIT       IT0
*SFR* 00000088H.2 DATA     BIT       IT1
      01001817H   CODE     ---       lcd_chkstatus
*SFR* 00000090H.4 DATA     BIT       LED0
*SFR* 00000090H.5 DATA     BIT       LED1
      010015C4H   CODE     ---       main
      01001719H   CODE     ---       OLED_Clear
*SFR* 00000090H.4 DATA     BIT       OLED_CS
*SFR* 00000090H.3 DATA     BIT       OLED_DC
      010018F5H   CODE     ---       OLED_Display_Off
      010018E6H   CODE     ---       OLED_Display_On
LX51 LINKER/LOCATER V4.41                                                             05/11/2021  23:04:59  PAGE 7


*SFR* 00000090H.2 DATA     BIT       OLED_RST
*SFR* 00000090H   DATA     BIT       OLED_SCL
*SFR* 00000090H.1 DATA     BIT       OLED_SDIN
*SFR* 000000D0H.2 DATA     BIT       OV
*SFR* 000000D0H   DATA     BIT       P
*SFR* 00000080H   DATA     BYTE      P0
*SFR* 00000090H   DATA     BYTE      P1
*SFR* 000000A0H   DATA     BYTE      P2
*SFR* 000000B0H   DATA     BYTE      P3
*SFR* 00000087H   DATA     BYTE      PCON
*SFR* 000000B8H.4 DATA     BIT       PS
*SFR* 000000D0H   DATA     BYTE      PSW
*SFR* 000000B8H.1 DATA     BIT       PT0
*SFR* 000000B8H.3 DATA     BIT       PT1
*SFR* 000000B8H.5 DATA     BIT       PT2
*SFR* 000000B8H   DATA     BIT       PX0
*SFR* 000000B8H.2 DATA     BIT       PX1
*SFR* 00000098H.2 DATA     BIT       RB8
*SFR* 000000CBH   DATA     BYTE      RCAP2H
*SFR* 000000CAH   DATA     BYTE      RCAP2L
*SFR* 000000C8H.5 DATA     BIT       RCLK
*SFR* 000000B0H.7 DATA     BIT       RD
*SFR* 00000098H.4 DATA     BIT       REN
      01001873H   CODE     ---       reset
*SFR* 00000098H   DATA     BIT       RI
*SFR* 000000D0H.3 DATA     BIT       RS0
*SFR* 000000D0H.4 DATA     BIT       RS1
*SFR* 000000B0H   DATA     BIT       RXD
*SFR* 00000099H   DATA     BYTE      SBUF
*SFR* 00000098H   DATA     BYTE      SCON
      01001795H   CODE     ---       send_buff
      01001910H   CODE     ---       senddelay
*SFR* 00000098H.7 DATA     BIT       SM0
*SFR* 00000098H.6 DATA     BIT       SM1
*SFR* 00000098H.5 DATA     BIT       SM2
*SFR* 000000A0H   DATA     BIT       SMG1
*SFR* 000000A0H.3 DATA     BIT       SMG4
      01001B5EH   CONST    ---       smg_num
*SFR* 00000081H   DATA     BYTE      SP
*SFR* 000000B0H.4 DATA     BIT       T0
*SFR* 000000B0H.5 DATA     BIT       T1
*SFR* 00000090H   DATA     BIT       T2
*SFR* 000000C8H   DATA     BYTE      T2CON
*SFR* 00000090H.1 DATA     BIT       T2EX
*SFR* 00000098H.3 DATA     BIT       TB8
*SFR* 000000C8H.4 DATA     BIT       TCLK
*SFR* 00000088H   DATA     BYTE      TCON
*SFR* 00000088H.5 DATA     BIT       TF0
*SFR* 00000088H.7 DATA     BIT       TF1
*SFR* 000000C8H.7 DATA     BIT       TF2
*SFR* 0000008CH   DATA     BYTE      TH0
*SFR* 0000008DH   DATA     BYTE      TH1
*SFR* 000000CDH   DATA     BYTE      TH2
*SFR* 00000098H.1 DATA     BIT       TI
*SFR* 0000008AH   DATA     BYTE      TL0
*SFR* 0000008BH   DATA     BYTE      TL1
*SFR* 000000CCH   DATA     BYTE      TL2
*SFR* 00000089H   DATA     BYTE      TMOD
*SFR* 00000088H.4 DATA     BIT       TR0
*SFR* 00000088H.6 DATA     BIT       TR1
*SFR* 000000C8H.2 DATA     BIT       TR2
*SFR* 000000B0H.1 DATA     BIT       TXD
      010018A6H   CODE     ---       UartInit
*SFR* 000000B0H.6 DATA     BIT       WR

LX51 LINKER/LOCATER V4.41                                                             05/11/2021  23:04:59  PAGE 8




IGNORED SYMBOLS:
   B



SYMBOL TABLE OF MODULE:  51spi (?C_STARTUP)

      VALUE       REP       CLASS    TYPE      SYMBOL NAME
      ====================================================
      ---         MODULE    ---      ---       ?C_STARTUP
      01000000H   PUBLIC    CODE     ---       ?C_STARTUP
      000000E0H   SYMBOL    DATA     ---       ACC
      000000F0H   SYMBOL    DATA     ---       B
      00000083H   SYMBOL    DATA     ---       DPH
      00000082H   SYMBOL    DATA     ---       DPL
      00000000H   SYMBOL    NUMBER   ---       IBPSTACK
      00000100H   SYMBOL    NUMBER   ---       IBPSTACKTOP
      00000080H   SYMBOL    NUMBER   ---       IDATALEN
      01001907H   SYMBOL    CODE     ---       IDATALOOP
      00000000H   SYMBOL    NUMBER   ---       PBPSTACK
      00000100H   SYMBOL    NUMBER   ---       PBPSTACKTOP
      00000000H   SYMBOL    NUMBER   ---       PDATALEN
      00000000H   SYMBOL    NUMBER   ---       PDATASTART
      00000000H   SYMBOL    NUMBER   ---       PPAGE
      00000000H   SYMBOL    NUMBER   ---       PPAGEENABLE
      000000A0H   SYMBOL    DATA     ---       PPAGE_SFR
      00000081H   SYMBOL    DATA     ---       SP
      01001904H   SYMBOL    CODE     ---       STARTUP1
      00000000H   SYMBOL    NUMBER   ---       XBPSTACK
      00000000H   SYMBOL    NUMBER   ---       XBPSTACKTOP
      00000000H   SYMBOL    NUMBER   ---       XDATALEN
      00000000H   SYMBOL    NUMBER   ---       XDATASTART
      01000000H   LINE      CODE     ---       #126
      01001904H   LINE      CODE     ---       #133
      01001906H   LINE      CODE     ---       #134
      01001907H   LINE      CODE     ---       #135
      01001908H   LINE      CODE     ---       #136
      0100190AH   LINE      CODE     ---       #185
      0100190DH   LINE      CODE     ---       #196

      ---         MODULE    ---      ---       MAIN
      01001795H   PUBLIC    CODE     ---       send_buff
      010015C4H   PUBLIC    CODE     ---       main
      00000090H.2 SFRSYM    DATA     BIT       OLED_RST
      00000080H   SFRSYM    DATA     BYTE      P0
      00000090H   SFRSYM    DATA     BYTE      P1
      000000A0H   SFRSYM    DATA     BYTE      P2
      000000B0H   SFRSYM    DATA     BYTE      P3
      000000B0H.4 SFRSYM    DATA     BIT       T0
      000000D0H.6 SFRSYM    DATA     BIT       AC
      000000B0H.5 SFRSYM    DATA     BIT       T1
      00000090H.4 SFRSYM    DATA     BIT       LED0
      00000090H   SFRSYM    DATA     BIT       T2
      000000A8H.7 SFRSYM    DATA     BIT       EA
      00000090H.5 SFRSYM    DATA     BIT       LED1
      00000080H.2 SFRSYM    DATA     BIT       epaperDC
      00000090H.3 SFRSYM    DATA     BIT       OLED_DC
      000000A8H   SFRSYM    DATA     BYTE      IE
      000000C8H.6 SFRSYM    DATA     BIT       EXF2
      000000B0H.7 SFRSYM    DATA     BIT       RD
      00000080H.3 SFRSYM    DATA     BIT       epaperCS
      000000A8H.4 SFRSYM    DATA     BIT       ES
      000000A0H   SFRSYM    DATA     BIT       SMG1
LX51 LINKER/LOCATER V4.41                                                             05/11/2021  23:04:59  PAGE 9


      000000B8H   SFRSYM    DATA     BYTE      IP
      00000098H   SFRSYM    DATA     BIT       RI
      00000090H.4 SFRSYM    DATA     BIT       OLED_CS
      000000A0H.3 SFRSYM    DATA     BIT       SMG4
      000000B0H.2 SFRSYM    DATA     BIT       INT0
      000000D0H.7 SFRSYM    DATA     BIT       CY
      00000098H.1 SFRSYM    DATA     BIT       TI
      000000B0H.3 SFRSYM    DATA     BIT       INT1
      000000CBH   SFRSYM    DATA     BYTE      RCAP2H
      000000B8H.4 SFRSYM    DATA     BIT       PS
      00000081H   SFRSYM    DATA     BYTE      SP
      00000090H.1 SFRSYM    DATA     BIT       T2EX
      000000D0H.2 SFRSYM    DATA     BIT       OV
      000000CAH   SFRSYM    DATA     BYTE      RCAP2L
      000000C8H.1 SFRSYM    DATA     BIT       C_T2
      000000B0H.6 SFRSYM    DATA     BIT       WR
      000000C8H.5 SFRSYM    DATA     BIT       RCLK
      000000C8H.4 SFRSYM    DATA     BIT       TCLK
      00000099H   SFRSYM    DATA     BYTE      SBUF
      00000087H   SFRSYM    DATA     BYTE      PCON
      00000098H   SFRSYM    DATA     BYTE      SCON
      00000090H.1 SFRSYM    DATA     BIT       OLED_SDIN
      00000089H   SFRSYM    DATA     BYTE      TMOD
      00000088H   SFRSYM    DATA     BYTE      TCON
      00000088H.1 SFRSYM    DATA     BIT       IE0
      00000088H.3 SFRSYM    DATA     BIT       IE1
      000000F0H   SFRSYM    ---      BYTE      B
      000000C8H   SFRSYM    DATA     BIT       CP_RL2
      00000080H   SFRSYM    DATA     BIT       epaperBUSY
      000000E0H   SFRSYM    DATA     BYTE      ACC
      000000A8H.1 SFRSYM    DATA     BIT       ET0
      000000A8H.3 SFRSYM    DATA     BIT       ET1
      00000088H.5 SFRSYM    DATA     BIT       TF0
      000000A8H.5 SFRSYM    DATA     BIT       ET2
      00000088H.7 SFRSYM    DATA     BIT       TF1
      000000C8H.7 SFRSYM    DATA     BIT       TF2
      00000098H.2 SFRSYM    DATA     BIT       RB8
      0000008CH   SFRSYM    DATA     BYTE      TH0
      000000A8H   SFRSYM    DATA     BIT       EX0
      00000088H   SFRSYM    DATA     BIT       IT0
      0000008DH   SFRSYM    DATA     BYTE      TH1
      00000098H.3 SFRSYM    DATA     BIT       TB8
      000000A8H.2 SFRSYM    DATA     BIT       EX1
      00000088H.2 SFRSYM    DATA     BIT       IT1
      000000CDH   SFRSYM    DATA     BYTE      TH2
      000000D0H   SFRSYM    DATA     BIT       P
      00000098H.7 SFRSYM    DATA     BIT       SM0
      0000008AH   SFRSYM    DATA     BYTE      TL0
      00000098H.6 SFRSYM    DATA     BIT       SM1
      0000008BH   SFRSYM    DATA     BYTE      TL1
      00000098H.5 SFRSYM    DATA     BIT       SM2
      000000CCH   SFRSYM    DATA     BYTE      TL2
      000000B8H.1 SFRSYM    DATA     BIT       PT0
      000000B8H.3 SFRSYM    DATA     BIT       PT1
      000000D0H.3 SFRSYM    DATA     BIT       RS0
      000000B8H.5 SFRSYM    DATA     BIT       PT2
      00000088H.4 SFRSYM    DATA     BIT       TR0
      000000D0H.4 SFRSYM    DATA     BIT       RS1
      00000088H.6 SFRSYM    DATA     BIT       TR1
      000000C8H.2 SFRSYM    DATA     BIT       TR2
      000000B8H   SFRSYM    DATA     BIT       PX0
      000000B8H.2 SFRSYM    DATA     BIT       PX1
      00000080H.5 SFRSYM    DATA     BIT       epaperCLK
      00000083H   SFRSYM    DATA     BYTE      DPH
      00000080H.4 SFRSYM    DATA     BIT       epaperDIN
LX51 LINKER/LOCATER V4.41                                                             05/11/2021  23:04:59  PAGE 10


      00000090H.3 SFRSYM    DATA     BIT       BUTTON
      00000080H   SFRSYM    DATA     BIT       a
      00000082H   SFRSYM    DATA     BYTE      DPL
      000000F0H   SFRSYM    ---      BYTE      b
      00000080H.2 SFRSYM    DATA     BIT       c
      00000080H.3 SFRSYM    DATA     BIT       d
      000000C8H.3 SFRSYM    DATA     BIT       EXEN2
      00000090H.6 SFRSYM    DATA     BIT       FMQ
      00000080H.4 SFRSYM    DATA     BIT       e
      00000080H.5 SFRSYM    DATA     BIT       f
      00000098H.4 SFRSYM    DATA     BIT       REN
      00000080H.6 SFRSYM    DATA     BIT       g
      00000080H.7 SFRSYM    DATA     BIT       h
      000000C8H   SFRSYM    DATA     BYTE      T2CON
      00000090H   SFRSYM    DATA     BIT       OLED_SCL
      000000B0H   SFRSYM    DATA     BIT       RXD
      000000B0H.1 SFRSYM    DATA     BIT       TXD
      000000D0H.5 SFRSYM    DATA     BIT       F0
      000000D0H   SFRSYM    DATA     BYTE      PSW
      00000080H.1 SFRSYM    DATA     BIT       epaperRST

      010015C4H   BLOCK     CODE     ---       LVL=0
      010015C4H   BLOCK     CODE     NEAR LAB  LVL=1
      02000045H   SYMBOL    XDATA    INT       a
      02000047H   SYMBOL    XDATA    FLOAT     b
      0200004BH   SYMBOL    XDATA    FLOAT     c
      ---         BLOCKEND  ---      ---       LVL=1
      010015C4H   LINE      CODE     ---       #18
      010015C4H   LINE      CODE     ---       #21
      010015CEH   LINE      CODE     ---       #22
      010015D6H   LINE      CODE     ---       #23
      010015E0H   LINE      CODE     ---       #27
      010015E3H   LINE      CODE     ---       #28
      010015E6H   LINE      CODE     ---       #29
      010015E9H   LINE      CODE     ---       #31
      010015ECH   LINE      CODE     ---       #32
      010015EFH   LINE      CODE     ---       #33
      010015F6H   LINE      CODE     ---       #35
      01001604H   LINE      CODE     ---       #36
      01001607H   LINE      CODE     ---       #41
      ---         BLOCKEND  ---      ---       LVL=0

      ---         MODULE    ---      ---       UART
      01000021H   PUBLIC    CODE     ---       irq_receive
      0100183BH   PUBLIC    CODE     ---       _sendChar
      0100191CH   PUBLIC    CODE     ---       flagSendOneTime
      010018A6H   PUBLIC    CODE     ---       UartInit
      00000080H   SFRSYM    DATA     BYTE      P0
      00000090H   SFRSYM    DATA     BYTE      P1
      000000A0H   SFRSYM    DATA     BYTE      P2
      000000B0H   SFRSYM    DATA     BYTE      P3
      000000B0H.4 SFRSYM    DATA     BIT       T0
      000000D0H.6 SFRSYM    DATA     BIT       AC
      000000B0H.5 SFRSYM    DATA     BIT       T1
      00000090H.4 SFRSYM    DATA     BIT       LED0
      00000090H   SFRSYM    DATA     BIT       T2
      000000A8H.7 SFRSYM    DATA     BIT       EA
      00000090H.5 SFRSYM    DATA     BIT       LED1
      00000080H.2 SFRSYM    DATA     BIT       epaperDC
      000000A8H   SFRSYM    DATA     BYTE      IE
      000000C8H.6 SFRSYM    DATA     BIT       EXF2
      000000B0H.7 SFRSYM    DATA     BIT       RD
      00000080H.3 SFRSYM    DATA     BIT       epaperCS
      000000A8H.4 SFRSYM    DATA     BIT       ES
      000000A0H   SFRSYM    DATA     BIT       SMG1
LX51 LINKER/LOCATER V4.41                                                             05/11/2021  23:04:59  PAGE 11


      000000B8H   SFRSYM    DATA     BYTE      IP
      00000098H   SFRSYM    DATA     BIT       RI
      000000A0H.3 SFRSYM    DATA     BIT       SMG4
      000000B0H.2 SFRSYM    DATA     BIT       INT0
      000000D0H.7 SFRSYM    DATA     BIT       CY
      00000098H.1 SFRSYM    DATA     BIT       TI
      000000B0H.3 SFRSYM    DATA     BIT       INT1
      000000CBH   SFRSYM    DATA     BYTE      RCAP2H
      000000B8H.4 SFRSYM    DATA     BIT       PS
      00000081H   SFRSYM    DATA     BYTE      SP
      00000090H.1 SFRSYM    DATA     BIT       T2EX
      000000D0H.2 SFRSYM    DATA     BIT       OV
      000000CAH   SFRSYM    DATA     BYTE      RCAP2L
      000000C8H.1 SFRSYM    DATA     BIT       C_T2
      000000B0H.6 SFRSYM    DATA     BIT       WR
      000000C8H.5 SFRSYM    DATA     BIT       RCLK
      000000C8H.4 SFRSYM    DATA     BIT       TCLK
      00000099H   SFRSYM    DATA     BYTE      SBUF
      00000087H   SFRSYM    DATA     BYTE      PCON
      00000098H   SFRSYM    DATA     BYTE      SCON
      00000089H   SFRSYM    DATA     BYTE      TMOD
      00000088H   SFRSYM    DATA     BYTE      TCON
      00000088H.1 SFRSYM    DATA     BIT       IE0
      00000088H.3 SFRSYM    DATA     BIT       IE1
      000000F0H   SFRSYM    ---      BYTE      B
      000000C8H   SFRSYM    DATA     BIT       CP_RL2
      00000080H   SFRSYM    DATA     BIT       epaperBUSY
      000000E0H   SFRSYM    DATA     BYTE      ACC
      000000A8H.1 SFRSYM    DATA     BIT       ET0
      000000A8H.3 SFRSYM    DATA     BIT       ET1
      00000088H.5 SFRSYM    DATA     BIT       TF0
      000000A8H.5 SFRSYM    DATA     BIT       ET2
      00000088H.7 SFRSYM    DATA     BIT       TF1
      000000C8H.7 SFRSYM    DATA     BIT       TF2
      00000098H.2 SFRSYM    DATA     BIT       RB8
      0000008CH   SFRSYM    DATA     BYTE      TH0
      000000A8H   SFRSYM    DATA     BIT       EX0
      00000088H   SFRSYM    DATA     BIT       IT0
      0000008DH   SFRSYM    DATA     BYTE      TH1
      00000098H.3 SFRSYM    DATA     BIT       TB8
      000000A8H.2 SFRSYM    DATA     BIT       EX1
      00000088H.2 SFRSYM    DATA     BIT       IT1
      000000CDH   SFRSYM    DATA     BYTE      TH2
      000000D0H   SFRSYM    DATA     BIT       P
      00000098H.7 SFRSYM    DATA     BIT       SM0
      0000008AH   SFRSYM    DATA     BYTE      TL0
      00000098H.6 SFRSYM    DATA     BIT       SM1
      0000008BH   SFRSYM    DATA     BYTE      TL1
      00000098H.5 SFRSYM    DATA     BIT       SM2
      000000CCH   SFRSYM    DATA     BYTE      TL2
      000000B8H.1 SFRSYM    DATA     BIT       PT0
      000000B8H.3 SFRSYM    DATA     BIT       PT1
      000000D0H.3 SFRSYM    DATA     BIT       RS0
      000000B8H.5 SFRSYM    DATA     BIT       PT2
      00000088H.4 SFRSYM    DATA     BIT       TR0
      000000D0H.4 SFRSYM    DATA     BIT       RS1
      00000088H.6 SFRSYM    DATA     BIT       TR1
      000000C8H.2 SFRSYM    DATA     BIT       TR2
      000000B8H   SFRSYM    DATA     BIT       PX0
      000000B8H.2 SFRSYM    DATA     BIT       PX1
      00000080H.5 SFRSYM    DATA     BIT       epaperCLK
      00000083H   SFRSYM    DATA     BYTE      DPH
      00000080H.4 SFRSYM    DATA     BIT       epaperDIN
      00000090H.3 SFRSYM    DATA     BIT       BUTTON
      00000080H   SFRSYM    DATA     BIT       a
LX51 LINKER/LOCATER V4.41                                                             05/11/2021  23:04:59  PAGE 12


      00000082H   SFRSYM    DATA     BYTE      DPL
      000000F0H   SFRSYM    ---      BYTE      b
      00000080H.2 SFRSYM    DATA     BIT       c
      00000080H.3 SFRSYM    DATA     BIT       d
      000000C8H.3 SFRSYM    DATA     BIT       EXEN2
      00000080H.4 SFRSYM    DATA     BIT       e
      00000090H.6 SFRSYM    DATA     BIT       FMQ
      00000080H.5 SFRSYM    DATA     BIT       f
      00000098H.4 SFRSYM    DATA     BIT       REN
      00000080H.6 SFRSYM    DATA     BIT       g
      00000080H.7 SFRSYM    DATA     BIT       h
      000000C8H   SFRSYM    DATA     BYTE      T2CON
      000000B0H   SFRSYM    DATA     BIT       RXD
      000000B0H.1 SFRSYM    DATA     BIT       TXD
      000000D0H.5 SFRSYM    DATA     BIT       F0
      000000D0H   SFRSYM    DATA     BYTE      PSW
      00000080H.1 SFRSYM    DATA     BIT       epaperRST

      010018A6H   BLOCK     CODE     ---       LVL=0
      010018A6H   LINE      CODE     ---       #5
      010018A6H   LINE      CODE     ---       #6
      010018A6H   LINE      CODE     ---       #7
      010018A9H   LINE      CODE     ---       #8
      010018ACH   LINE      CODE     ---       #9
      010018AFH   LINE      CODE     ---       #10
      010018B1H   LINE      CODE     ---       #11
      010018B3H   LINE      CODE     ---       #12
      010018B5H   LINE      CODE     ---       #13
      010018B7H   LINE      CODE     ---       #14
      010018B9H   LINE      CODE     ---       #15
      010018BBH   LINE      CODE     ---       #16
      ---         BLOCKEND  ---      ---       LVL=0

      0100191CH   BLOCK     CODE     ---       LVL=0
      0100191CH   LINE      CODE     ---       #18
      0100191CH   LINE      CODE     ---       #19
      0100191EH   LINE      CODE     ---       #20
      01001920H   LINE      CODE     ---       #21
      ---         BLOCKEND  ---      ---       LVL=0

      0100183BH   BLOCK     CODE     ---       LVL=0
      00000007H   SYMBOL    DATA     BYTE      c
      0100183BH   LINE      CODE     ---       #23
      0100183BH   LINE      CODE     ---       #24
      0100183DH   LINE      CODE     ---       #25
      01001840H   LINE      CODE     ---       #26
      01001843H   LINE      CODE     ---       #27
      01001847H   LINE      CODE     ---       #29
      0100184BH   LINE      CODE     ---       #30
      0100184EH   LINE      CODE     ---       #31
      01001852H   LINE      CODE     ---       #33
      01001854H   LINE      CODE     ---       #34
      01001856H   LINE      CODE     ---       #35
      ---         BLOCKEND  ---      ---       LVL=0

      01000021H   BLOCK     CODE     ---       LVL=0
      01000021H   LINE      CODE     ---       #37
      01000021H   LINE      CODE     ---       #39
      ---         BLOCKEND  ---      ---       LVL=0

      ---         MODULE    ---      ---       EPAPER
      010018BCH   PUBLIC    CODE     ---       _Displaystr6_8
      02000030H   PUBLIC    XDATA    BYTE      ?_Displaynum6_8?BYTE
      01000C70H   PUBLIC    CODE     ---       _Displaynum6_8
      010013BAH   PUBLIC    CODE     ---       _Displaychar6_8
LX51 LINKER/LOCATER V4.41                                                             05/11/2021  23:04:59  PAGE 13


      01000FA5H   PUBLIC    CODE     ---       _set_par_pos6_8
      010014DEH   PUBLIC    CODE     ---       epaperDisplayall
      01001349H   PUBLIC    CODE     ---       epaperClean
      01001857H   PUBLIC    CODE     ---       epaperSleep
      0100188EH   PUBLIC    CODE     ---       epaperRefresh
      0100157DH   PUBLIC    CODE     ---       ePaperInit
      01001817H   PUBLIC    CODE     ---       lcd_chkstatus
      01001442H   PUBLIC    CODE     ---       _sendDate2
      01001539H   PUBLIC    CODE     ---       _sendDate
      01001609H   PUBLIC    CODE     ---       _sendCom
      01001873H   PUBLIC    CODE     ---       reset
      00000080H   SFRSYM    DATA     BYTE      P0
      00000090H   SFRSYM    DATA     BYTE      P1
      000000A0H   SFRSYM    DATA     BYTE      P2
      000000B0H   SFRSYM    DATA     BYTE      P3
      000000B0H.4 SFRSYM    DATA     BIT       T0
      000000D0H.6 SFRSYM    DATA     BIT       AC
      000000B0H.5 SFRSYM    DATA     BIT       T1
      00000090H.4 SFRSYM    DATA     BIT       LED0
      00000090H   SFRSYM    DATA     BIT       T2
      000000A8H.7 SFRSYM    DATA     BIT       EA
      00000090H.5 SFRSYM    DATA     BIT       LED1
      00000080H.2 SFRSYM    DATA     BIT       epaperDC
      000000A8H   SFRSYM    DATA     BYTE      IE
      000000C8H.6 SFRSYM    DATA     BIT       EXF2
      000000B0H.7 SFRSYM    DATA     BIT       RD
      00000080H.3 SFRSYM    DATA     BIT       epaperCS
      000000A8H.4 SFRSYM    DATA     BIT       ES
      000000B8H   SFRSYM    DATA     BYTE      IP
      00000098H   SFRSYM    DATA     BIT       RI
      000000B0H.2 SFRSYM    DATA     BIT       INT0
      000000D0H.7 SFRSYM    DATA     BIT       CY
      00000098H.1 SFRSYM    DATA     BIT       TI
      000000B0H.3 SFRSYM    DATA     BIT       INT1
      000000CBH   SFRSYM    DATA     BYTE      RCAP2H
      000000B8H.4 SFRSYM    DATA     BIT       PS
      00000081H   SFRSYM    DATA     BYTE      SP
      00000090H.1 SFRSYM    DATA     BIT       T2EX
      000000D0H.2 SFRSYM    DATA     BIT       OV
      000000CAH   SFRSYM    DATA     BYTE      RCAP2L
      000000C8H.1 SFRSYM    DATA     BIT       C_T2
      000000B0H.6 SFRSYM    DATA     BIT       WR
      000000C8H.5 SFRSYM    DATA     BIT       RCLK
      000000C8H.4 SFRSYM    DATA     BIT       TCLK
      00000099H   SFRSYM    DATA     BYTE      SBUF
      00000087H   SFRSYM    DATA     BYTE      PCON
      00000098H   SFRSYM    DATA     BYTE      SCON
      00000089H   SFRSYM    DATA     BYTE      TMOD
      00000088H   SFRSYM    DATA     BYTE      TCON
      00000088H.1 SFRSYM    DATA     BIT       IE0
      00000088H.3 SFRSYM    DATA     BIT       IE1
      000000F0H   SFRSYM    ---      BYTE      B
      000000C8H   SFRSYM    DATA     BIT       CP_RL2
      00000080H   SFRSYM    DATA     BIT       epaperBUSY
      000000E0H   SFRSYM    DATA     BYTE      ACC
      000000A8H.1 SFRSYM    DATA     BIT       ET0
      000000A8H.3 SFRSYM    DATA     BIT       ET1
      00000088H.5 SFRSYM    DATA     BIT       TF0
      000000A8H.5 SFRSYM    DATA     BIT       ET2
      00000088H.7 SFRSYM    DATA     BIT       TF1
      000000C8H.7 SFRSYM    DATA     BIT       TF2
      00000098H.2 SFRSYM    DATA     BIT       RB8
      0000008CH   SFRSYM    DATA     BYTE      TH0
      000000A8H   SFRSYM    DATA     BIT       EX0
      00000088H   SFRSYM    DATA     BIT       IT0
LX51 LINKER/LOCATER V4.41                                                             05/11/2021  23:04:59  PAGE 14


      0000008DH   SFRSYM    DATA     BYTE      TH1
      00000098H.3 SFRSYM    DATA     BIT       TB8
      000000A8H.2 SFRSYM    DATA     BIT       EX1
      00000088H.2 SFRSYM    DATA     BIT       IT1
      000000CDH   SFRSYM    DATA     BYTE      TH2
      000000D0H   SFRSYM    DATA     BIT       P
      00000098H.7 SFRSYM    DATA     BIT       SM0
      0000008AH   SFRSYM    DATA     BYTE      TL0
      00000098H.6 SFRSYM    DATA     BIT       SM1
      0000008BH   SFRSYM    DATA     BYTE      TL1
      00000098H.5 SFRSYM    DATA     BIT       SM2
      000000CCH   SFRSYM    DATA     BYTE      TL2
      000000B8H.1 SFRSYM    DATA     BIT       PT0
      000000B8H.3 SFRSYM    DATA     BIT       PT1
      000000D0H.3 SFRSYM    DATA     BIT       RS0
      000000B8H.5 SFRSYM    DATA     BIT       PT2
      00000088H.4 SFRSYM    DATA     BIT       TR0
      000000D0H.4 SFRSYM    DATA     BIT       RS1
      00000088H.6 SFRSYM    DATA     BIT       TR1
      000000C8H.2 SFRSYM    DATA     BIT       TR2
      000000B8H   SFRSYM    DATA     BIT       PX0
      000000B8H.2 SFRSYM    DATA     BIT       PX1
      00000080H.5 SFRSYM    DATA     BIT       epaperCLK
      00000083H   SFRSYM    DATA     BYTE      DPH
      00000080H.4 SFRSYM    DATA     BIT       epaperDIN
      00000090H.3 SFRSYM    DATA     BIT       BUTTON
      00000082H   SFRSYM    DATA     BYTE      DPL
      000000C8H.3 SFRSYM    DATA     BIT       EXEN2
      00000090H.6 SFRSYM    DATA     BIT       FMQ
      00000098H.4 SFRSYM    DATA     BIT       REN
      000000C8H   SFRSYM    DATA     BYTE      T2CON
      000000B0H   SFRSYM    DATA     BIT       RXD
      000000B0H.1 SFRSYM    DATA     BIT       TXD
      000000D0H.5 SFRSYM    DATA     BIT       F0
      000000D0H   SFRSYM    DATA     BYTE      PSW
      00000080H.1 SFRSYM    DATA     BIT       epaperRST

      01001873H   BLOCK     CODE     ---       LVL=0
      01001873H   LINE      CODE     ---       #11
      01001873H   LINE      CODE     ---       #12
      01001873H   LINE      CODE     ---       #13
      01001875H   LINE      CODE     ---       #14
      0100187CH   LINE      CODE     ---       #16
      0100187EH   LINE      CODE     ---       #17
      01001885H   LINE      CODE     ---       #19
      01001887H   LINE      CODE     ---       #20
      ---         BLOCKEND  ---      ---       LVL=0

      01001609H   BLOCK     CODE     ---       LVL=0
      02000052H   SYMBOL    XDATA    BYTE      com
      0100160EH   BLOCK     CODE     NEAR LAB  LVL=1
      02000053H   SYMBOL    XDATA    BYTE      i
      00000007H   SYMBOL    DATA     BYTE      temp
      ---         BLOCKEND  ---      ---       LVL=1
      01001609H   LINE      CODE     ---       #25
      0100160EH   LINE      CODE     ---       #30
      01001610H   LINE      CODE     ---       #31
      01001612H   LINE      CODE     ---       #32
      01001615H   LINE      CODE     ---       #34
      0100161AH   LINE      CODE     ---       #35
      0100161CH   LINE      CODE     ---       #36
      0100161FH   LINE      CODE     ---       #38
      01001626H   LINE      CODE     ---       #39
      01001628H   LINE      CODE     ---       #40
      0100162CH   LINE      CODE     ---       #42
LX51 LINKER/LOCATER V4.41                                                             05/11/2021  23:04:59  PAGE 15


      0100162EH   LINE      CODE     ---       #43
      01001631H   LINE      CODE     ---       #45
      01001633H   LINE      CODE     ---       #46
      0100163BH   LINE      CODE     ---       #47
      0100163EH   LINE      CODE     ---       #48
      0100164AH   LINE      CODE     ---       #50
      0100164CH   LINE      CODE     ---       #51
      ---         BLOCKEND  ---      ---       LVL=0

      01001533H   BLOCK     CODE     VOID      LVL=0
      ---         BLOCKEND  ---      ---       LVL=0

      01001539H   BLOCK     CODE     ---       LVL=0
      02000052H   SYMBOL    XDATA    BYTE      date
      02000053H   SYMBOL    XDATA    BYTE      i
      00000007H   SYMBOL    DATA     BYTE      temp
      0100153EH   BLOCK     CODE     NEAR LAB  LVL=1
      02000053H   SYMBOL    XDATA    BYTE      i
      00000007H   SYMBOL    DATA     BYTE      temp
      ---         BLOCKEND  ---      ---       LVL=1
      01001539H   LINE      CODE     ---       #55
      0100153EH   LINE      CODE     ---       #59
      01001540H   LINE      CODE     ---       #60
      01001542H   LINE      CODE     ---       #61
      01001545H   LINE      CODE     ---       #63
      0100154AH   LINE      CODE     ---       #64
      0100154CH   LINE      CODE     ---       #65
      0100154FH   LINE      CODE     ---       #67
      01001556H   LINE      CODE     ---       #69
      01001558H   LINE      CODE     ---       #70
      0100155CH   LINE      CODE     ---       #72
      0100155EH   LINE      CODE     ---       #73
      01001561H   LINE      CODE     ---       #75
      01001563H   LINE      CODE     ---       #76
      0100156BH   LINE      CODE     ---       #77
      0100156EH   LINE      CODE     ---       #78
      0100157AH   LINE      CODE     ---       #80
      0100157CH   LINE      CODE     ---       #81
      ---         BLOCKEND  ---      ---       LVL=0

      01001422H   BLOCK     CODE     VOID      LVL=0
      ---         BLOCKEND  ---      ---       LVL=0

      01001442H   BLOCK     CODE     ---       LVL=0
      0200008AH   SYMBOL    XDATA    BYTE      date
      0200008BH   SYMBOL    XDATA    BYTE      i
      00000007H   SYMBOL    DATA     BYTE      temp
      01001447H   BLOCK     CODE     NEAR LAB  LVL=1
      0200008BH   SYMBOL    XDATA    BYTE      i
      00000007H   SYMBOL    DATA     BYTE      temp
      ---         BLOCKEND  ---      ---       LVL=1
      01001442H   LINE      CODE     ---       #86
      01001447H   LINE      CODE     ---       #90
      01001449H   LINE      CODE     ---       #91
      0100144BH   LINE      CODE     ---       #92
      0100144EH   LINE      CODE     ---       #94
      01001453H   LINE      CODE     ---       #95
      01001455H   LINE      CODE     ---       #96
      01001458H   LINE      CODE     ---       #98
      0100145FH   LINE      CODE     ---       #99
      01001461H   LINE      CODE     ---       #100
      01001465H   LINE      CODE     ---       #102
      01001467H   LINE      CODE     ---       #103
      0100146AH   LINE      CODE     ---       #105
      0100146CH   LINE      CODE     ---       #106
LX51 LINKER/LOCATER V4.41                                                             05/11/2021  23:04:59  PAGE 16


      01001474H   LINE      CODE     ---       #107
      01001477H   LINE      CODE     ---       #108
      01001483H   LINE      CODE     ---       #110
      01001485H   LINE      CODE     ---       #111
      ---         BLOCKEND  ---      ---       LVL=0

      01001817H   BLOCK     CODE     ---       LVL=0
      01001817H   BLOCK     CODE     NEAR LAB  LVL=1
      00000007H   SYMBOL    DATA     BYTE      busy
      ---         BLOCKEND  ---      ---       LVL=1
      01001817H   LINE      CODE     ---       #114
      01001817H   LINE      CODE     ---       #118
      01001817H   LINE      CODE     ---       #119
      0100181CH   LINE      CODE     ---       #120
      0100181EH   LINE      CODE     ---       #121
      01001825H   LINE      CODE     ---       #122
      01001829H   LINE      CODE     ---       #123
      01001832H   LINE      CODE     ---       #124
      01001832H   LINE      CODE     ---       #125
      01001835H   LINE      CODE     ---       #127
      ---         BLOCKEND  ---      ---       LVL=0

      0100157DH   BLOCK     CODE     ---       LVL=0
      0100157DH   LINE      CODE     ---       #132
      0100157DH   LINE      CODE     ---       #137
      01001580H   LINE      CODE     ---       #139
      01001585H   LINE      CODE     ---       #140
      0100158AH   LINE      CODE     ---       #141
      0100158FH   LINE      CODE     ---       #142
      01001594H   LINE      CODE     ---       #144
      01001599H   LINE      CODE     ---       #145
      0100159CH   LINE      CODE     ---       #147
      010015A1H   LINE      CODE     ---       #148
      010015A6H   LINE      CODE     ---       #151
      010015ABH   LINE      CODE     ---       #152
      010015B0H   LINE      CODE     ---       #153
      010015B5H   LINE      CODE     ---       #154
      010015BAH   LINE      CODE     ---       #156
      010015BFH   LINE      CODE     ---       #157
      ---         BLOCKEND  ---      ---       LVL=0

      0100188EH   BLOCK     CODE     ---       LVL=0
      0100188EH   LINE      CODE     ---       #161
      0100188EH   LINE      CODE     ---       #162
      0100188EH   LINE      CODE     ---       #163
      01001890H   LINE      CODE     ---       #164
      01001892H   LINE      CODE     ---       #165
      01001897H   LINE      CODE     ---       #166
      0100189EH   LINE      CODE     ---       #167
      010018A1H   LINE      CODE     ---       #168
      010018A3H   LINE      CODE     ---       #169
      010018A5H   LINE      CODE     ---       #170
      ---         BLOCKEND  ---      ---       LVL=0

      01001857H   BLOCK     CODE     ---       LVL=0
      01001857H   LINE      CODE     ---       #173
      01001857H   LINE      CODE     ---       #174
      01001857H   LINE      CODE     ---       #175
      0100185CH   LINE      CODE     ---       #176
      01001861H   LINE      CODE     ---       #178
      01001866H   LINE      CODE     ---       #179
      01001869H   LINE      CODE     ---       #180
      0100186EH   LINE      CODE     ---       #181
      ---         BLOCKEND  ---      ---       LVL=0

LX51 LINKER/LOCATER V4.41                                                             05/11/2021  23:04:59  PAGE 17


      01001349H   BLOCK     CODE     ---       LVL=0
      01001349H   BLOCK     CODE     NEAR LAB  LVL=1
      0200004FH   SYMBOL    XDATA    WORD      i
      02000051H   SYMBOL    XDATA    BYTE      temp
      ---         BLOCKEND  ---      ---       LVL=1
      01001349H   LINE      CODE     ---       #186
      01001349H   LINE      CODE     ---       #187
      01001349H   LINE      CODE     ---       #189
      0100134FH   LINE      CODE     ---       #192
      01001351H   LINE      CODE     ---       #193
      01001356H   LINE      CODE     ---       #194
      0100135DH   LINE      CODE     ---       #195
      01001365H   LINE      CODE     ---       #196
      01001382H   LINE      CODE     ---       #197
      01001384H   LINE      CODE     ---       #199
      01001386H   LINE      CODE     ---       #200
      0100138BH   LINE      CODE     ---       #201
      01001392H   LINE      CODE     ---       #202
      0100139AH   LINE      CODE     ---       #203
      010013B7H   LINE      CODE     ---       #204
      010013B9H   LINE      CODE     ---       #205
      ---         BLOCKEND  ---      ---       LVL=0

      010014DEH   BLOCK     CODE     ---       LVL=0
      010014DEH   BLOCK     CODE     NEAR LAB  LVL=1
      0200008CH   SYMBOL    XDATA    WORD      i
      ---         BLOCKEND  ---      ---       LVL=1
      010014DEH   LINE      CODE     ---       #209
      010014DEH   LINE      CODE     ---       #210
      010014DEH   LINE      CODE     ---       #212
      010014E3H   LINE      CODE     ---       #213
      010014EAH   LINE      CODE     ---       #214
      0100150CH   LINE      CODE     ---       #216
      01001511H   LINE      CODE     ---       #217
      01001532H   LINE      CODE     ---       #219
      ---         BLOCKEND  ---      ---       LVL=0

      01000FA5H   BLOCK     CODE     ---       LVL=0
      02000079H   SYMBOL    XDATA    WORD      x
      0200007BH   SYMBOL    XDATA    BYTE      y
      0200007CH   SYMBOL    XDATA    INT       n
      01000FA5H   LINE      CODE     ---       #227
      01000FB6H   LINE      CODE     ---       #228
      01000FBBH   LINE      CODE     ---       #230
      01000FCBH   LINE      CODE     ---       #231
      01000FCFH   LINE      CODE     ---       #232
      01000FD6H   LINE      CODE     ---       #233
      01000FD8H   LINE      CODE     ---       #235
      01000FDBH   LINE      CODE     ---       #237
      0100100DH   LINE      CODE     ---       #238
      01001017H   LINE      CODE     ---       #239
      01001020H   LINE      CODE     ---       #240
      01001047H   LINE      CODE     ---       #241
      0100105CH   LINE      CODE     ---       #242
      0100105EH   LINE      CODE     ---       #244
      01001061H   LINE      CODE     ---       #247
      01001066H   LINE      CODE     ---       #248
      0100106DH   LINE      CODE     ---       #250
      0100106FH   LINE      CODE     ---       #251
      ---         BLOCKEND  ---      ---       LVL=0

      010013BAH   BLOCK     CODE     ---       LVL=0
      02000073H   SYMBOL    XDATA    WORD      x
      02000075H   SYMBOL    XDATA    BYTE      y
      02000076H   SYMBOL    XDATA    BYTE      ch
LX51 LINKER/LOCATER V4.41                                                             05/11/2021  23:04:59  PAGE 18


      010013C8H   BLOCK     CODE     NEAR LAB  LVL=1
      02000077H   SYMBOL    XDATA    INT       i
      ---         BLOCKEND  ---      ---       LVL=1
      010013BAH   LINE      CODE     ---       #256
      010013C8H   LINE      CODE     ---       #259
      010013CDH   LINE      CODE     ---       #261
      010013E2H   LINE      CODE     ---       #262
      010013E4H   LINE      CODE     ---       #264
      010013E9H   LINE      CODE     ---       #265
      01001402H   LINE      CODE     ---       #266
      01001418H   LINE      CODE     ---       #267
      0100141BH   LINE      CODE     ---       #269
      01001420H   LINE      CODE     ---       #270
      01001421H   LINE      CODE     ---       #271
      ---         BLOCKEND  ---      ---       LVL=0

      01000C70H   BLOCK     CODE     ---       LVL=0
      02000030H   SYMBOL    XDATA    WORD      x
      02000032H   SYMBOL    XDATA    BYTE      y
      02000033H   SYMBOL    XDATA    FLOAT     num
      01000C7BH   BLOCK     CODE     NEAR LAB  LVL=1
      02000037H   SYMBOL    XDATA    BYTE      N
      02000038H   SYMBOL    XDATA    FLOAT     dtemp
      0200003CH   SYMBOL    XDATA    LONG      itemp
      02000040H   SYMBOL    XDATA    BYTE      ctemp
      02000041H   SYMBOL    XDATA    INT       i
      02000043H   SYMBOL    XDATA    INT       j
      00000021H.1 SYMBOL    BIT      BIT       negativeflag
      ---         BLOCKEND  ---      ---       LVL=1
      01000C70H   LINE      CODE     ---       #281
      01000C7BH   LINE      CODE     ---       #282
      01000C80H   LINE      CODE     ---       #283
      01000C94H   LINE      CODE     ---       #284
      01000CAEH   LINE      CODE     ---       #287
      01000CB0H   LINE      CODE     ---       #290
      01000CC8H   LINE      CODE     ---       #291
      01000CCAH   LINE      CODE     ---       #294
      01000CE2H   LINE      CODE     ---       #295
      01000CE8H   LINE      CODE     ---       #296
      01000CE8H   LINE      CODE     ---       #297
      01000CFCH   LINE      CODE     ---       #298
      01000D11H   LINE      CODE     ---       #299
      01000D17H   LINE      CODE     ---       #300
      01000D19H   LINE      CODE     ---       #301
      01000D1CH   LINE      CODE     ---       #302
      01000D22H   LINE      CODE     ---       #303
      01000D22H   LINE      CODE     ---       #306
      01000D35H   LINE      CODE     ---       #308
      01000D5DH   LINE      CODE     ---       #310
      01000D5EH   LINE      CODE     ---       #311
      01000D70H   LINE      CODE     ---       #312
      01000D72H   LINE      CODE     ---       #313
      01000D72H   LINE      CODE     ---       #314
      01000D72H   LINE      CODE     ---       #316
      01000D9AH   LINE      CODE     ---       #318
      01000D9BH   LINE      CODE     ---       #319
      01000DADH   LINE      CODE     ---       #320
      01000DAFH   LINE      CODE     ---       #321
      01000DAFH   LINE      CODE     ---       #324
      01000DC9H   LINE      CODE     ---       #326
      01000DCEH   LINE      CODE     ---       #328
      01000DD3H   LINE      CODE     ---       #330
      01000DD6H   LINE      CODE     ---       #332
      01000DEFH   LINE      CODE     ---       #333
      01000E09H   LINE      CODE     ---       #334
LX51 LINKER/LOCATER V4.41                                                             05/11/2021  23:04:59  PAGE 19


      01000E0FH   LINE      CODE     ---       #335
      01000E0FH   LINE      CODE     ---       #337
      01000E2CH   LINE      CODE     ---       #338
      01000E68H   LINE      CODE     ---       #339
      01000E81H   LINE      CODE     ---       #340
      01000E94H   LINE      CODE     ---       #341
      01000EA5H   LINE      CODE     ---       #344
      01000EBBH   LINE      CODE     ---       #345
      01000ED2H   LINE      CODE     ---       #346
      01000EEBH   LINE      CODE     ---       #347
      01000F05H   LINE      CODE     ---       #348
      01000F1EH   LINE      CODE     ---       #349
      01000F5EH   LINE      CODE     ---       #350
      01000F77H   LINE      CODE     ---       #351
      01000F8AH   LINE      CODE     ---       #352
      01000F9BH   LINE      CODE     ---       #353
      01000F9BH   LINE      CODE     ---       #356
      01000F9EH   LINE      CODE     ---       #357
      01000FA3H   LINE      CODE     ---       #359
      01000FA4H   LINE      CODE     ---       #360
      ---         BLOCKEND  ---      ---       LVL=0

      010018BCH   BLOCK     CODE     ---       LVL=0
      0200004FH   SYMBOL    XDATA    WORD      x
      02000051H   SYMBOL    XDATA    BYTE      y
      02000052H   SYMBOL    XDATA    ---       ch
      010018BCH   LINE      CODE     ---       #365
      010018D0H   LINE      CODE     ---       #408
      ---         BLOCKEND  ---      ---       LVL=0

      ---         MODULE    ---      ---       LED
      010011B9H   PUBLIC    CODE     ---       _ledFlicker
      00000080H   SFRSYM    DATA     BYTE      P0
      00000090H   SFRSYM    DATA     BYTE      P1
      000000A0H   SFRSYM    DATA     BYTE      P2
      000000B0H   SFRSYM    DATA     BYTE      P3
      000000B0H.4 SFRSYM    DATA     BIT       T0
      000000D0H.6 SFRSYM    DATA     BIT       AC
      000000B0H.5 SFRSYM    DATA     BIT       T1
      00000090H.4 SFRSYM    DATA     BIT       LED0
      00000090H   SFRSYM    DATA     BIT       T2
      000000A8H.7 SFRSYM    DATA     BIT       EA
      00000090H.5 SFRSYM    DATA     BIT       LED1
      00000080H.2 SFRSYM    DATA     BIT       epaperDC
      000000A8H   SFRSYM    DATA     BYTE      IE
      000000C8H.6 SFRSYM    DATA     BIT       EXF2
      000000B0H.7 SFRSYM    DATA     BIT       RD
      00000080H.3 SFRSYM    DATA     BIT       epaperCS
      000000A8H.4 SFRSYM    DATA     BIT       ES
      000000B8H   SFRSYM    DATA     BYTE      IP
      00000098H   SFRSYM    DATA     BIT       RI
      000000B0H.2 SFRSYM    DATA     BIT       INT0
      000000D0H.7 SFRSYM    DATA     BIT       CY
      00000098H.1 SFRSYM    DATA     BIT       TI
      000000B0H.3 SFRSYM    DATA     BIT       INT1
      000000CBH   SFRSYM    DATA     BYTE      RCAP2H
      000000B8H.4 SFRSYM    DATA     BIT       PS
      00000081H   SFRSYM    DATA     BYTE      SP
      00000090H.1 SFRSYM    DATA     BIT       T2EX
      000000D0H.2 SFRSYM    DATA     BIT       OV
      000000CAH   SFRSYM    DATA     BYTE      RCAP2L
      000000C8H.1 SFRSYM    DATA     BIT       C_T2
      000000B0H.6 SFRSYM    DATA     BIT       WR
      000000C8H.5 SFRSYM    DATA     BIT       RCLK
      000000C8H.4 SFRSYM    DATA     BIT       TCLK
LX51 LINKER/LOCATER V4.41                                                             05/11/2021  23:04:59  PAGE 20


      00000099H   SFRSYM    DATA     BYTE      SBUF
      00000087H   SFRSYM    DATA     BYTE      PCON
      00000098H   SFRSYM    DATA     BYTE      SCON
      00000089H   SFRSYM    DATA     BYTE      TMOD
      00000088H   SFRSYM    DATA     BYTE      TCON
      00000088H.1 SFRSYM    DATA     BIT       IE0
      00000088H.3 SFRSYM    DATA     BIT       IE1
      000000F0H   SFRSYM    ---      BYTE      B
      000000C8H   SFRSYM    DATA     BIT       CP_RL2
      00000080H   SFRSYM    DATA     BIT       epaperBUSY
      000000E0H   SFRSYM    DATA     BYTE      ACC
      000000A8H.1 SFRSYM    DATA     BIT       ET0
      000000A8H.3 SFRSYM    DATA     BIT       ET1
      00000088H.5 SFRSYM    DATA     BIT       TF0
      000000A8H.5 SFRSYM    DATA     BIT       ET2
      00000088H.7 SFRSYM    DATA     BIT       TF1
      000000C8H.7 SFRSYM    DATA     BIT       TF2
      00000098H.2 SFRSYM    DATA     BIT       RB8
      0000008CH   SFRSYM    DATA     BYTE      TH0
      000000A8H   SFRSYM    DATA     BIT       EX0
      00000088H   SFRSYM    DATA     BIT       IT0
      0000008DH   SFRSYM    DATA     BYTE      TH1
      00000098H.3 SFRSYM    DATA     BIT       TB8
      000000A8H.2 SFRSYM    DATA     BIT       EX1
      00000088H.2 SFRSYM    DATA     BIT       IT1
      000000CDH   SFRSYM    DATA     BYTE      TH2
      000000D0H   SFRSYM    DATA     BIT       P
      00000098H.7 SFRSYM    DATA     BIT       SM0
      0000008AH   SFRSYM    DATA     BYTE      TL0
      00000098H.6 SFRSYM    DATA     BIT       SM1
      0000008BH   SFRSYM    DATA     BYTE      TL1
      00000098H.5 SFRSYM    DATA     BIT       SM2
      000000CCH   SFRSYM    DATA     BYTE      TL2
      000000B8H.1 SFRSYM    DATA     BIT       PT0
      000000B8H.3 SFRSYM    DATA     BIT       PT1
      000000D0H.3 SFRSYM    DATA     BIT       RS0
      000000B8H.5 SFRSYM    DATA     BIT       PT2
      00000088H.4 SFRSYM    DATA     BIT       TR0
      000000D0H.4 SFRSYM    DATA     BIT       RS1
      00000088H.6 SFRSYM    DATA     BIT       TR1
      000000C8H.2 SFRSYM    DATA     BIT       TR2
      000000B8H   SFRSYM    DATA     BIT       PX0
      000000B8H.2 SFRSYM    DATA     BIT       PX1
      00000080H.5 SFRSYM    DATA     BIT       epaperCLK
      00000083H   SFRSYM    DATA     BYTE      DPH
      00000080H.4 SFRSYM    DATA     BIT       epaperDIN
      00000090H.3 SFRSYM    DATA     BIT       BUTTON
      00000082H   SFRSYM    DATA     BYTE      DPL
      000000C8H.3 SFRSYM    DATA     BIT       EXEN2
      00000090H.6 SFRSYM    DATA     BIT       FMQ
      00000098H.4 SFRSYM    DATA     BIT       REN
      000000C8H   SFRSYM    DATA     BYTE      T2CON
      000000B0H   SFRSYM    DATA     BIT       RXD
      000000B0H.1 SFRSYM    DATA     BIT       TXD
      000000D0H.5 SFRSYM    DATA     BIT       F0
      000000D0H   SFRSYM    DATA     BYTE      PSW
      00000080H.1 SFRSYM    DATA     BIT       epaperRST

      010011B9H   BLOCK     CODE     ---       LVL=0
      0200007EH   SYMBOL    XDATA    BYTE      ledN
      0200007FH   SYMBOL    XDATA    BYTE      n
      02000080H   SYMBOL    XDATA    WORD      time
      010011B9H   LINE      CODE     ---       #7
      010011C9H   LINE      CODE     ---       #8
      010011CBH   LINE      CODE     ---       #9
LX51 LINKER/LOCATER V4.41                                                             05/11/2021  23:04:59  PAGE 21


      010011D4H   LINE      CODE     ---       #10
      010011D6H   LINE      CODE     ---       #11
      010011DFH   LINE      CODE     ---       #12
      010011E1H   LINE      CODE     ---       #13
      010011ECH   LINE      CODE     ---       #14
      010011F4H   LINE      CODE     ---       #15
      010011F4H   LINE      CODE     ---       #16
      010011FBH   LINE      CODE     ---       #17
      01001204H   LINE      CODE     ---       #18
      01001206H   LINE      CODE     ---       #19
      0100120FH   LINE      CODE     ---       #20
      01001211H   LINE      CODE     ---       #21
      0100121CH   LINE      CODE     ---       #22
      01001224H   LINE      CODE     ---       #23
      01001224H   LINE      CODE     ---       #24
      01001224H   LINE      CODE     ---       #25
      01001224H   LINE      CODE     ---       #26
      01001226H   LINE      CODE     ---       #27
      01001228H   LINE      CODE     ---       #28
      01001233H   LINE      CODE     ---       #29
      01001235H   LINE      CODE     ---       #30
      01001237H   LINE      CODE     ---       #31
      01001242H   LINE      CODE     ---       #32
      01001244H   LINE      CODE     ---       #33
      01001244H   LINE      CODE     ---       #34
      ---         BLOCKEND  ---      ---       LVL=0

      ---         MODULE    ---      ---       SMG
      01001B5EH   PUBLIC    CONST    ---       smg_num

      ---         MODULE    ---      ---       MYCOMMON
      01001924H   PUBLIC    CONST    ---       F6x8
      02000055H   PUBLIC    XDATA    BYTE      ?_mypow?BYTE
      010012CBH   PUBLIC    CODE     ---       _mypow
      01001486H   PUBLIC    CODE     ---       _isDecimal
      01001758H   PUBLIC    CODE     ---       _myabs
      01000003H   PUBLIC    CODE     ---       _delay
      01001910H   PUBLIC    CODE     ---       senddelay

      01001910H   BLOCK     CODE     ---       LVL=0
      01001910H   BLOCK     CODE     NEAR LAB  LVL=1
      00000007H   SYMBOL    DATA     BYTE      i
      ---         BLOCKEND  ---      ---       LVL=1
      01001910H   LINE      CODE     ---       #4
      01001910H   LINE      CODE     ---       #5
      01001912H   LINE      CODE     ---       #6
      01001918H   LINE      CODE     ---       #7
      0100191BH   LINE      CODE     ---       #8
      ---         BLOCKEND  ---      ---       LVL=0

      01000003H   BLOCK     CODE     ---       LVL=0
      00000006H   SYMBOL    DATA     WORD      n
      01000003H   BLOCK     CODE     NEAR LAB  LVL=1
      00000004H   SYMBOL    DATA     INT       i
      ---         BLOCKEND  ---      ---       LVL=1
      01000003H   LINE      CODE     ---       #10
      01000003H   LINE      CODE     ---       #13
      0100000CH   LINE      CODE     ---       #14
      01000010H   LINE      CODE     ---       #15
      01000019H   LINE      CODE     ---       #16
      01000020H   LINE      CODE     ---       #17
      ---         BLOCKEND  ---      ---       LVL=0

      01001758H   BLOCK     CODE     ---       LVL=0
      02000082H   SYMBOL    XDATA    FLOAT     x
LX51 LINKER/LOCATER V4.41                                                             05/11/2021  23:04:59  PAGE 22


      01001758H   LINE      CODE     ---       #22
      0100175EH   LINE      CODE     ---       #23
      0100177BH   LINE      CODE     ---       #24
      01001787H   LINE      CODE     ---       #26
      01001790H   LINE      CODE     ---       #27
      ---         BLOCKEND  ---      ---       LVL=0

      01001486H   BLOCK     CODE     ---       LVL=0
      02000086H   SYMBOL    XDATA    FLOAT     x
      01001486H   LINE      CODE     ---       #32
      0100148CH   LINE      CODE     ---       #33
      010014A3H   LINE      CODE     ---       #35
      010014DBH   LINE      CODE     ---       #36
      010014DCH   LINE      CODE     ---       #38
      010014DDH   LINE      CODE     ---       #39
      ---         BLOCKEND  ---      ---       LVL=0

      010012CBH   BLOCK     CODE     ---       LVL=0
      02000055H   SYMBOL    XDATA    LONG      x
      02000059H   SYMBOL    XDATA    INT       n
      010012D1H   BLOCK     CODE     NEAR LAB  LVL=1
      0200005BH   SYMBOL    XDATA    INT       i
      0200005DH   SYMBOL    XDATA    LONG      temp
      ---         BLOCKEND  ---      ---       LVL=1
      010012CBH   LINE      CODE     ---       #44
      010012D1H   LINE      CODE     ---       #46
      010012DBH   LINE      CODE     ---       #48
      010012E6H   LINE      CODE     ---       #49
      010012ECH   LINE      CODE     ---       #51
      01001305H   LINE      CODE     ---       #52
      0100133AH   LINE      CODE     ---       #53
      01001348H   LINE      CODE     ---       #54
      ---         BLOCKEND  ---      ---       LVL=0

      ---         MODULE    ---      ---       OLED
      01001070H   PUBLIC    CODE     ---       InitOled
      02000061H   PUBLIC    XDATA    BYTE      ?_OLED_Displaynum6_8?BYTE
      01001245H   PUBLIC    CODE     ---       _OLED_Displaynum6_8
      0100111EH   PUBLIC    CODE     ---       _OLED_P6x8Str
      01001719H   PUBLIC    CODE     ---       OLED_Clear
      010018F5H   PUBLIC    CODE     ---       OLED_Display_Off
      010018E6H   PUBLIC    CODE     ---       OLED_Display_On
      010017C7H   PUBLIC    CODE     ---       _Oled_Set_Pos
      01001691H   PUBLIC    CODE     ---       _OledSendDate
      0100164DH   PUBLIC    CODE     ---       _OledSendCmd
      00000090H.2 SFRSYM    DATA     BIT       OLED_RST
      00000080H   SFRSYM    DATA     BYTE      P0
      00000090H   SFRSYM    DATA     BYTE      P1
      000000A0H   SFRSYM    DATA     BYTE      P2
      000000B0H   SFRSYM    DATA     BYTE      P3
      000000B0H.4 SFRSYM    DATA     BIT       T0
      000000D0H.6 SFRSYM    DATA     BIT       AC
      000000B0H.5 SFRSYM    DATA     BIT       T1
      00000090H   SFRSYM    DATA     BIT       T2
      000000A8H.7 SFRSYM    DATA     BIT       EA
      00000090H.3 SFRSYM    DATA     BIT       OLED_DC
      000000A8H   SFRSYM    DATA     BYTE      IE
      000000C8H.6 SFRSYM    DATA     BIT       EXF2
      000000B0H.7 SFRSYM    DATA     BIT       RD
      000000A8H.4 SFRSYM    DATA     BIT       ES
      000000B8H   SFRSYM    DATA     BYTE      IP
      00000098H   SFRSYM    DATA     BIT       RI
      00000090H.4 SFRSYM    DATA     BIT       OLED_CS
      000000B0H.2 SFRSYM    DATA     BIT       INT0
      000000D0H.7 SFRSYM    DATA     BIT       CY
LX51 LINKER/LOCATER V4.41                                                             05/11/2021  23:04:59  PAGE 23


      00000098H.1 SFRSYM    DATA     BIT       TI
      000000B0H.3 SFRSYM    DATA     BIT       INT1
      000000CBH   SFRSYM    DATA     BYTE      RCAP2H
      000000B8H.4 SFRSYM    DATA     BIT       PS
      00000081H   SFRSYM    DATA     BYTE      SP
      00000090H.1 SFRSYM    DATA     BIT       T2EX
      000000D0H.2 SFRSYM    DATA     BIT       OV
      000000CAH   SFRSYM    DATA     BYTE      RCAP2L
      000000C8H.1 SFRSYM    DATA     BIT       C_T2
      000000B0H.6 SFRSYM    DATA     BIT       WR
      000000C8H.5 SFRSYM    DATA     BIT       RCLK
      000000C8H.4 SFRSYM    DATA     BIT       TCLK
      00000099H   SFRSYM    DATA     BYTE      SBUF
      00000087H   SFRSYM    DATA     BYTE      PCON
      00000098H   SFRSYM    DATA     BYTE      SCON
      00000090H.1 SFRSYM    DATA     BIT       OLED_SDIN
      00000089H   SFRSYM    DATA     BYTE      TMOD
      00000088H   SFRSYM    DATA     BYTE      TCON
      00000088H.1 SFRSYM    DATA     BIT       IE0
      00000088H.3 SFRSYM    DATA     BIT       IE1
      000000F0H   SFRSYM    ---      BYTE      B
      000000C8H   SFRSYM    DATA     BIT       CP_RL2
      000000E0H   SFRSYM    DATA     BYTE      ACC
      000000A8H.1 SFRSYM    DATA     BIT       ET0
      000000A8H.3 SFRSYM    DATA     BIT       ET1
      00000088H.5 SFRSYM    DATA     BIT       TF0
      000000A8H.5 SFRSYM    DATA     BIT       ET2
      00000088H.7 SFRSYM    DATA     BIT       TF1
      000000C8H.7 SFRSYM    DATA     BIT       TF2
      00000098H.2 SFRSYM    DATA     BIT       RB8
      0000008CH   SFRSYM    DATA     BYTE      TH0
      000000A8H   SFRSYM    DATA     BIT       EX0
      00000088H   SFRSYM    DATA     BIT       IT0
      0000008DH   SFRSYM    DATA     BYTE      TH1
      00000098H.3 SFRSYM    DATA     BIT       TB8
      000000A8H.2 SFRSYM    DATA     BIT       EX1
      00000088H.2 SFRSYM    DATA     BIT       IT1
      000000CDH   SFRSYM    DATA     BYTE      TH2
      000000D0H   SFRSYM    DATA     BIT       P
      00000098H.7 SFRSYM    DATA     BIT       SM0
      0000008AH   SFRSYM    DATA     BYTE      TL0
      00000098H.6 SFRSYM    DATA     BIT       SM1
      0000008BH   SFRSYM    DATA     BYTE      TL1
      00000098H.5 SFRSYM    DATA     BIT       SM2
      000000CCH   SFRSYM    DATA     BYTE      TL2
      000000B8H.1 SFRSYM    DATA     BIT       PT0
      000000B8H.3 SFRSYM    DATA     BIT       PT1
      000000D0H.3 SFRSYM    DATA     BIT       RS0
      000000B8H.5 SFRSYM    DATA     BIT       PT2
      00000088H.4 SFRSYM    DATA     BIT       TR0
      000000D0H.4 SFRSYM    DATA     BIT       RS1
      00000088H.6 SFRSYM    DATA     BIT       TR1
      000000C8H.2 SFRSYM    DATA     BIT       TR2
      000000B8H   SFRSYM    DATA     BIT       PX0
      000000B8H.2 SFRSYM    DATA     BIT       PX1
      00000083H   SFRSYM    DATA     BYTE      DPH
      00000082H   SFRSYM    DATA     BYTE      DPL
      000000C8H.3 SFRSYM    DATA     BIT       EXEN2
      00000098H.4 SFRSYM    DATA     BIT       REN
      000000C8H   SFRSYM    DATA     BYTE      T2CON
      00000090H   SFRSYM    DATA     BIT       OLED_SCL
      000000B0H   SFRSYM    DATA     BIT       RXD
      000000B0H.1 SFRSYM    DATA     BIT       TXD
      000000D0H.5 SFRSYM    DATA     BIT       F0
      000000D0H   SFRSYM    DATA     BYTE      PSW
LX51 LINKER/LOCATER V4.41                                                             05/11/2021  23:04:59  PAGE 24



      0100164DH   BLOCK     CODE     ---       LVL=0
      02000051H   SYMBOL    XDATA    BYTE      cmd
      01001652H   BLOCK     CODE     NEAR LAB  LVL=1
      02000052H   SYMBOL    XDATA    BYTE      i
      00000007H   SYMBOL    DATA     BYTE      temp
      ---         BLOCKEND  ---      ---       LVL=1
      0100164DH   LINE      CODE     ---       #11
      01001652H   LINE      CODE     ---       #18
      01001654H   LINE      CODE     ---       #19
      01001656H   LINE      CODE     ---       #20
      01001659H   LINE      CODE     ---       #22
      0100165EH   LINE      CODE     ---       #24
      01001660H   LINE      CODE     ---       #25
      01001663H   LINE      CODE     ---       #27
      0100166AH   LINE      CODE     ---       #28
      0100166CH   LINE      CODE     ---       #30
      01001670H   LINE      CODE     ---       #33
      01001672H   LINE      CODE     ---       #34
      01001675H   LINE      CODE     ---       #37
      01001677H   LINE      CODE     ---       #38
      0100167FH   LINE      CODE     ---       #39
      01001682H   LINE      CODE     ---       #40
      0100168EH   LINE      CODE     ---       #43
      01001690H   LINE      CODE     ---       #44
      ---         BLOCKEND  ---      ---       LVL=0

      01001691H   BLOCK     CODE     ---       LVL=0
      02000051H   SYMBOL    XDATA    BYTE      date
      01001696H   BLOCK     CODE     NEAR LAB  LVL=1
      02000052H   SYMBOL    XDATA    BYTE      i
      00000007H   SYMBOL    DATA     BYTE      temp
      ---         BLOCKEND  ---      ---       LVL=1
      01001691H   LINE      CODE     ---       #48
      01001696H   LINE      CODE     ---       #54
      01001698H   LINE      CODE     ---       #55
      0100169AH   LINE      CODE     ---       #56
      0100169DH   LINE      CODE     ---       #58
      010016A2H   LINE      CODE     ---       #60
      010016A4H   LINE      CODE     ---       #61
      010016A7H   LINE      CODE     ---       #63
      010016AEH   LINE      CODE     ---       #65
      010016B0H   LINE      CODE     ---       #67
      010016B4H   LINE      CODE     ---       #70
      010016B6H   LINE      CODE     ---       #71
      010016B9H   LINE      CODE     ---       #74
      010016BBH   LINE      CODE     ---       #75
      010016C3H   LINE      CODE     ---       #76
      010016C6H   LINE      CODE     ---       #77
      010016D2H   LINE      CODE     ---       #80
      010016D4H   LINE      CODE     ---       #81
      ---         BLOCKEND  ---      ---       LVL=0

      010017C7H   BLOCK     CODE     ---       LVL=0
      0200004FH   SYMBOL    XDATA    BYTE      x
      00000005H   SYMBOL    DATA     BYTE      y
      010017C7H   LINE      CODE     ---       #83
      010017CCH   LINE      CODE     ---       #84
      010017CCH   LINE      CODE     ---       #85
      010017D3H   LINE      CODE     ---       #86
      010017E4H   LINE      CODE     ---       #87
      ---         BLOCKEND  ---      ---       LVL=0

      010018E6H   BLOCK     CODE     ---       LVL=0
      010018E6H   LINE      CODE     ---       #91
LX51 LINKER/LOCATER V4.41                                                             05/11/2021  23:04:59  PAGE 25


      010018E6H   LINE      CODE     ---       #92
      010018E6H   LINE      CODE     ---       #93
      010018EBH   LINE      CODE     ---       #94
      010018F0H   LINE      CODE     ---       #95
      ---         BLOCKEND  ---      ---       LVL=0

      010018F5H   BLOCK     CODE     ---       LVL=0
      010018F5H   LINE      CODE     ---       #99
      010018F5H   LINE      CODE     ---       #100
      010018F5H   LINE      CODE     ---       #101
      010018FAH   LINE      CODE     ---       #102
      010018FFH   LINE      CODE     ---       #103
      ---         BLOCKEND  ---      ---       LVL=0

      01001719H   BLOCK     CODE     ---       LVL=0
      01001719H   BLOCK     CODE     NEAR LAB  LVL=1
      0200004FH   SYMBOL    XDATA    BYTE      i
      02000050H   SYMBOL    XDATA    BYTE      n
      ---         BLOCKEND  ---      ---       LVL=1
      01001719H   LINE      CODE     ---       #107
      01001719H   LINE      CODE     ---       #108
      01001719H   LINE      CODE     ---       #110
      01001728H   LINE      CODE     ---       #111
      01001728H   LINE      CODE     ---       #112
      0100172FH   LINE      CODE     ---       #113
      01001734H   LINE      CODE     ---       #114
      01001739H   LINE      CODE     ---       #115
      0100173EH   LINE      CODE     ---       #116
      0100174FH   LINE      CODE     ---       #117
      01001757H   LINE      CODE     ---       #118
      ---         BLOCKEND  ---      ---       LVL=0

      0100111EH   BLOCK     CODE     ---       LVL=0
      0200006BH   SYMBOL    XDATA    BYTE      x
      0200006CH   SYMBOL    XDATA    BYTE      y
      0200006DH   SYMBOL    XDATA    ---       ch
      0100112FH   BLOCK     CODE     NEAR LAB  LVL=1
      02000070H   SYMBOL    XDATA    BYTE      c
      02000071H   SYMBOL    XDATA    BYTE      i
      02000072H   SYMBOL    XDATA    BYTE      j
      ---         BLOCKEND  ---      ---       LVL=1
      0100111EH   LINE      CODE     ---       #121
      0100112FH   LINE      CODE     ---       #122
      0100112FH   LINE      CODE     ---       #123
      01001136H   LINE      CODE     ---       #125
      0100114FH   LINE      CODE     ---       #126
      01001155H   LINE      CODE     ---       #127
      0100115EH   LINE      CODE     ---       #128
      01001160H   LINE      CODE     ---       #129
      01001164H   LINE      CODE     ---       #130
      01001164H   LINE      CODE     ---       #131
      0100116FH   LINE      CODE     ---       #132
      0100117EH   LINE      CODE     ---       #133
      010011A8H   LINE      CODE     ---       #134
      010011AFH   LINE      CODE     ---       #135
      010011B5H   LINE      CODE     ---       #136
      010011B8H   LINE      CODE     ---       #137
      ---         BLOCKEND  ---      ---       LVL=0

      01001245H   BLOCK     CODE     ---       LVL=0
      02000061H   SYMBOL    XDATA    WORD      x
      02000063H   SYMBOL    XDATA    BYTE      y
      02000064H   SYMBOL    XDATA    FLOAT     num
      01001250H   BLOCK     CODE     NEAR LAB  LVL=1
      02000068H   SYMBOL    XDATA    ---       ch
LX51 LINKER/LOCATER V4.41                                                             05/11/2021  23:04:59  PAGE 26


      ---         BLOCKEND  ---      ---       LVL=1
      01001245H   LINE      CODE     ---       #140
      01001250H   LINE      CODE     ---       #143
      01001270H   LINE      CODE     ---       #144
      0100128EH   LINE      CODE     ---       #145
      01001296H   LINE      CODE     ---       #147
      010012B4H   LINE      CODE     ---       #148
      ---         BLOCKEND  ---      ---       LVL=0

      01001070H   BLOCK     CODE     ---       LVL=0
      01001070H   LINE      CODE     ---       #152
      01001070H   LINE      CODE     ---       #153
      01001072H   LINE      CODE     ---       #154
      01001079H   LINE      CODE     ---       #155
      0100107BH   LINE      CODE     ---       #156
      01001082H   LINE      CODE     ---       #157
      01001084H   LINE      CODE     ---       #159
      01001089H   LINE      CODE     ---       #160
      0100108EH   LINE      CODE     ---       #161
      01001093H   LINE      CODE     ---       #162
      01001098H   LINE      CODE     ---       #163
      0100109DH   LINE      CODE     ---       #164
      010010A2H   LINE      CODE     ---       #165
      010010A7H   LINE      CODE     ---       #166
      010010ACH   LINE      CODE     ---       #167
      010010B1H   LINE      CODE     ---       #168
      010010B6H   LINE      CODE     ---       #169
      010010BBH   LINE      CODE     ---       #170
      010010C0H   LINE      CODE     ---       #171
      010010C5H   LINE      CODE     ---       #172
      010010CAH   LINE      CODE     ---       #173
      010010CFH   LINE      CODE     ---       #174
      010010D4H   LINE      CODE     ---       #175
      010010D9H   LINE      CODE     ---       #176
      010010DEH   LINE      CODE     ---       #177
      010010E3H   LINE      CODE     ---       #178
      010010E8H   LINE      CODE     ---       #179
      010010EDH   LINE      CODE     ---       #180
      010010F2H   LINE      CODE     ---       #181
      010010F7H   LINE      CODE     ---       #182
      010010FCH   LINE      CODE     ---       #183
      01001101H   LINE      CODE     ---       #184
      01001106H   LINE      CODE     ---       #185
      0100110BH   LINE      CODE     ---       #186
      01001110H   LINE      CODE     ---       #188
      01001115H   LINE      CODE     ---       #189
      01001118H   LINE      CODE     ---       #190
      ---         BLOCKEND  ---      ---       LVL=0

      ---         MODULE    ---      ---       ?C?FPADD
      0100002DH   PUBLIC    CODE     ---       ?C?FPADD
      01000029H   PUBLIC    CODE     ---       ?C?FPSUB

      ---         MODULE    ---      ---       ?C?FPMUL
      0100011EH   PUBLIC    CODE     ---       ?C?FPMUL

      ---         MODULE    ---      ---       ?C?FPCMP
      01000226H   PUBLIC    CODE     ---       ?C?FPCMP
      01000224H   PUBLIC    CODE     ---       ?C?FPCMP3

      ---         MODULE    ---      ---       ?C?FPNEG
      01000291H   PUBLIC    CODE     ---       ?C?FPNEG

      ---         MODULE    ---      ---       ?C?FCAST
      010002ACH   PUBLIC    CODE     ---       ?C?FCASTC
LX51 LINKER/LOCATER V4.41                                                             05/11/2021  23:04:59  PAGE 27


      010002A7H   PUBLIC    CODE     ---       ?C?FCASTI
      010002A2H   PUBLIC    CODE     ---       ?C?FCASTL

      ---         MODULE    ---      ---       ?C?CASTF
      010002E0H   PUBLIC    CODE     ---       ?C?CASTF

      ---         MODULE    ---      ---       PRINTF
      02000000H   PUBLIC    XDATA    ---       ?_PRINTF?BYTE
      02000000H   PUBLIC    XDATA    ---       ?_SPRINTF?BYTE
      01000858H   PUBLIC    CODE     ---       _PRINTF
      01000852H   PUBLIC    CODE     ---       _SPRINTF

      ---         MODULE    ---      ---       ?C?FPGETOPN
      01000317H   PUBLIC    CODE     ---       ?C?FPGETOPN2
      0100034CH   PUBLIC    CODE     ---       ?C?FPNANRESULT
      01000356H   PUBLIC    CODE     ---       ?C?FPOVERFLOW
      0100032EH   PUBLIC    CODE     ---       ?C?FPRESULT
      01000342H   PUBLIC    CODE     ---       ?C?FPRESULT2
      01000353H   PUBLIC    CODE     ---       ?C?FPUNDERFLOW

      ---         MODULE    ---      ---       ?C?FPROUND
      01000361H   PUBLIC    CODE     ---       ?C?FPROUND

      ---         MODULE    ---      ---       ?C?FPCONVERT
      0100039EH   PUBLIC    CODE     ---       ?C?FPCONVERT

      ---         MODULE    ---      ---       ?C?FPDIV
      010004A6H   PUBLIC    CODE     ---       ?C?FPDIV

      ---         MODULE    ---      ---       ?C?FTNPWR
      01000573H   PUBLIC    CODE     ---       ?C?FTNPWR

      ---         MODULE    ---      ---       ?C?CLDPTR
      010005B3H   PUBLIC    CODE     ---       ?C?CLDPTR

      ---         MODULE    ---      ---       ?C?CLDOPTR
      010005CCH   PUBLIC    CODE     ---       ?C?CLDOPTR

      ---         MODULE    ---      ---       ?C?CSTPTR
      010005F9H   PUBLIC    CODE     ---       ?C?CSTPTR

      ---         MODULE    ---      ---       ?C?CSTOPTR
      0100060BH   PUBLIC    CODE     ---       ?C?CSTOPTR

      ---         MODULE    ---      ---       ?C?IMUL
      0100062DH   PUBLIC    CODE     ---       ?C?IMUL

      ---         MODULE    ---      ---       ?C?LMUL
      0100063FH   PUBLIC    CODE     ---       ?C?LMUL

      ---         MODULE    ---      ---       ?C?SLDIV
      010016D5H   PUBLIC    CODE     ---       ?C?SLDIV

      ---         MODULE    ---      ---       ?C?LNEG
      0100068EH   PUBLIC    CODE     ---       ?C?LNEG

      ---         MODULE    ---      ---       ?C?LSTXDATA
      0100069CH   PUBLIC    CODE     ---       ?C?LSTXDATA

      ---         MODULE    ---      ---       ?C?LSTKXDATA
      010006A8H   PUBLIC    CODE     ---       ?C?LSTKXDATA

      ---         MODULE    ---      ---       ?C?PLDIXDATA
      010006D9H   PUBLIC    CODE     ---       ?C?PLDIXDATA

LX51 LINKER/LOCATER V4.41                                                             05/11/2021  23:04:59  PAGE 28


      ---         MODULE    ---      ---       ?C?PSTXDATA
      010006F0H   PUBLIC    CODE     ---       ?C?PSTXDATA

      ---         MODULE    ---      ---       ?C?CCASE
      010006F9H   PUBLIC    CODE     ---       ?C?CCASE

      ---         MODULE    ---      ---       PUTCHAR
      010017F0H   PUBLIC    CODE     ---       _PUTCHAR

      ---         MODULE    ---      ---       STRLEN
      010018D1H   PUBLIC    CODE     ---       _STRLEN

      ---         MODULE    ---      ---       ?C?ULDIV
      0100075BH   PUBLIC    CODE     ---       ?C?ULDIV



*** WARNING L46: SFR SYMBOL HAS DIFFERENT VALUES
    SYMBOL:  B
    MODULE:  main.obj (MAIN)
   DEFINED:  main.obj (MAIN)

*** WARNING L46: SFR SYMBOL HAS DIFFERENT VALUES
    SYMBOL:  B
    MODULE:  uart.obj (UART)
   DEFINED:  main.obj (MAIN)

*** WARNING L46: SFR SYMBOL HAS DIFFERENT VALUES
    SYMBOL:  B
    MODULE:  uart.obj (UART)
   DEFINED:  main.obj (MAIN)

*** WARNING L46: SFR SYMBOL HAS DIFFERENT VALUES
    SYMBOL:  B
    MODULE:  ePaper.obj (EPAPER)
   DEFINED:  main.obj (MAIN)

*** WARNING L46: SFR SYMBOL HAS DIFFERENT VALUES
    SYMBOL:  B
    MODULE:  LED.obj (LED)
   DEFINED:  main.obj (MAIN)

*** WARNING L46: SFR SYMBOL HAS DIFFERENT VALUES
    SYMBOL:  B
    MODULE:  oled.obj (OLED)
   DEFINED:  main.obj (MAIN)

*** WARNING L16: UNCALLED FUNCTION, IGNORED FOR OVERLAY PROCESS
    NAME:    UARTINIT/UART

*** WARNING L16: UNCALLED FUNCTION, IGNORED FOR OVERLAY PROCESS
    NAME:    FLAGSENDONETIME/UART

*** WARNING L16: UNCALLED FUNCTION, IGNORED FOR OVERLAY PROCESS
    NAME:    _SENDCHAR/UART

*** WARNING L16: UNCALLED FUNCTION, IGNORED FOR OVERLAY PROCESS
    NAME:    EPAPERDISPLAYALL/EPAPER

*** WARNING L16: UNCALLED FUNCTION, IGNORED FOR OVERLAY PROCESS
    NAME:    _DISPLAYCHAR6_8/EPAPER

*** WARNING L16: UNCALLED FUNCTION, IGNORED FOR OVERLAY PROCESS
    NAME:    _DISPLAYNUM6_8/EPAPER

LX51 LINKER/LOCATER V4.41                                                             05/11/2021  23:04:59  PAGE 29


*** WARNING L16: UNCALLED FUNCTION, IGNORED FOR OVERLAY PROCESS
    NAME:    _LEDFLICKER/LED

*** WARNING L16: UNCALLED FUNCTION, IGNORED FOR OVERLAY PROCESS
    NAME:    ?CO?SMG

*** WARNING L16: UNCALLED FUNCTION, IGNORED FOR OVERLAY PROCESS
    NAME:    OLED_DISPLAY_ON/OLED

*** WARNING L16: UNCALLED FUNCTION, IGNORED FOR OVERLAY PROCESS
    NAME:    OLED_DISPLAY_OFF/OLED

*** WARNING L16: UNCALLED FUNCTION, IGNORED FOR OVERLAY PROCESS
    NAME:    _OLED_DISPLAYNUM6_8/OLED

Program Size: data=15.2 xdata=142 const=580 code=6435
LX51 RUN COMPLETE.  17 WARNING(S),  0 ERROR(S)
