C51 COMPILER V9.00   KEYBOARD                                                              05/11/2021 21:28:56 PAGE 1   


C51 COMPILER V9.00, COMPILATION OF MODULE KEYBOARD
OBJECT MODULE PLACED IN keyboard.obj
COMPILER INVOKED BY: C:\RJ\Keil_v5\C51\BIN\C51.EXE keyboard\keyboard.c LARGE OMF2 BROWSE INCDIR(.\uart;.\epaper;.\led;.\
                    -other_head;.\keyboard;.\smg;.\OLED;.\mycommon) DEBUG PRINT(.\keyboard.lst) OBJECT(keyboard.obj)

line level    source

   1          #include "PinDefine.h"
   2          #include "keyboard.h"
   3          #include "led.h"
   4          #include "smg.h"
   5          #include "mycommon.h"
   6          
   7          
   8          // 得到按下的按键值
   9          #if USEPWHAT == 0
              unsigned char get_key(){
                      unsigned char key, temp;
                unsigned char i =0;
                      
                      a = 0;
                fist_line = 1;
                second_line = 1;
                third_line = 1;
                four_line = 1;
                fist_list = 0;
                second_list = 0;
                third_list = 0;
                      delay(10);
                      
                      temp = keyboardall;
                      
                      
              //      if(temp == i){
              //              LED1 = 0;
              //              //delay(500);
              //              while(1){
              //                      keyboardall = temp;
              //              }
              //      }
              //      else
              //              LED1 = 1;
              //      if(i%10 == 0)
              //      LED0 = ~LED0;
              //      i++;
                      
                      fist_list = 1;
                second_list = 1;
                third_list = 1;
                fist_line = 0;
                second_line = 0;
                third_line = 0;
                four_line = 0;
                      delay(10);
                      
                      key = keyboardall;
                      key = key & temp;
                      
              //      if(key == i){
              //              LED1 = 0;
              //              while(1){
C51 COMPILER V9.00   KEYBOARD                                                              05/11/2021 21:28:56 PAGE 2   

              //                      keyboardall = key;
              //              }
              //      }
              //      else
              //              LED1 = 1;
              //      if(i%10 == 0)
              //        LED0 = ~LED0;
              //      i++;
                      
                      
                      switch(key){
                              case 0x22: i = 1;break;
                              case 0x42: i = 2;break;
                              case 0x82: i = 3;break;
                              
                              case 0x24: i = 4;break;
                              case 0x44: i = 5;break;
                              case 0x84: i = 6;break;
                              
                              case 0x28: i = 7;break;
                              case 0x48: i = 8;break;
                              case 0x88: i = 9;break;
                              
                              case 0x30: i = 11;break;
                              case 0x50: i = 0;break;
                              case 0x90: i = 12;break;
                              default : i = 255;  // 没有按键按下
                      }
                      
                      return i;
              }
              
              #else
  88          unsigned char get_key(){
  89   1              unsigned char key, temp;
  90   1        unsigned char i =0;
  91   1              
  92   1              SMG1 = 0;
  93   1        fist_line = 1;
  94   1        second_line = 1;
  95   1        third_line = 1;
  96   1        four_line = 1;
  97   1        fist_list = 0;
  98   1        second_list = 0;
  99   1        third_list = 0;
 100   1              delay(10);
 101   1              
 102   1              temp = keyboardall;
 103   1              
 104   1              
 105   1      //      if(temp == i){
 106   1      //              LED1 = 0;
 107   1      //              //delay(500);
 108   1      //              while(1){
 109   1      //                      keyboardall = temp;
 110   1      //              }
 111   1      //      }
 112   1      //      else
 113   1      //              LED1 = 1;
 114   1      //      if(i%10 == 0)
 115   1      //      LED0 = ~LED0;
 116   1      //      i++;
C51 COMPILER V9.00   KEYBOARD                                                              05/11/2021 21:28:56 PAGE 3   

 117   1              
 118   1              fist_list = 1;
 119   1        second_list = 1;
 120   1        third_list = 1;
 121   1        fist_line = 0;
 122   1        second_line = 0;
 123   1        third_line = 0;
 124   1        four_line = 0;
 125   1              delay(10);
 126   1              
 127   1              key = keyboardall;
 128   1              key = key | temp;
 129   1              
 130   1      //      P0 = key;
 131   1              
 132   1      //      if(key == i){
 133   1      //              LED1 = 0;
 134   1      //              while(1){
 135   1      //                      keyboardall = key;
 136   1      //              }
 137   1      //      }
 138   1      //      else
 139   1      //              LED1 = 1;
 140   1      //      if(i%10 == 0)
 141   1      //        LED0 = ~LED0;
 142   1      //      i++;
 143   1              
 144   1              
 145   1              switch(key){
 146   2                      case 0xDC: i = 1;break;
 147   2                      case 0xBC: i = 2;break;
 148   2                      case 0x7C: i = 3;break;
 149   2                      
 150   2                      case 0xDA: i = 4;break;
 151   2                      case 0xBA: i = 5;break;
 152   2                      case 0x7A: i = 6;break;
 153   2                      
 154   2                      case 0xD6: i = 7;break;
 155   2                      case 0xB6: i = 8;break;
 156   2                      case 0x76: i = 9;break;
 157   2                      
 158   2                      case 0xCE: i = 11;break;
 159   2                      case 0xAE: i = 0;break;
 160   2                      case 0x6E: i = 12;break;
 161   2                      default : i = 255;  // 没有按键按下
 162   2              }
 163   1              
 164   1              return i;
 165   1      }
 166          #endif
 167          
 168          
 169          //sbit fist_line = P2^1;
 170          //sbit second_line = P2^2;
 171          //sbit third_line = P2^3;
 172          //sbit four_line = P2^4;
 173          //sbit fist_list = P2^5;
 174          //sbit second_list = P2^6;
 175          //sbit third_list = P2^7;


MODULE INFORMATION:   STATIC OVERLAYABLE
C51 COMPILER V9.00   KEYBOARD                                                              05/11/2021 21:28:56 PAGE 4   

   CODE SIZE        =    211    ----
   CONSTANT SIZE    =   ----    ----
   XDATA SIZE       =   ----       2
   PDATA SIZE       =   ----    ----
   DATA SIZE        =   ----    ----
   IDATA SIZE       =   ----    ----
   BIT SIZE         =   ----    ----
   EDATA SIZE       =   ----    ----
   HDATA SIZE       =   ----    ----
   XDATA CONST SIZE =   ----    ----
   FAR CONST SIZE   =   ----    ----
END OF MODULE INFORMATION.


C51 COMPILATION COMPLETE.  0 WARNING(S),  0 ERROR(S)
