C51 COMPILER V9.00   MAIN                                                                  05/13/2021 22:30:08 PAGE 1   


C51 COMPILER V9.00, COMPILATION OF MODULE MAIN
OBJECT MODULE PLACED IN main.OBJ
COMPILER INVOKED BY: C:\RJ\Keil_v5\C51\BIN\C51.EXE main.c LARGE OMF2 BROWSE INCDIR(.\uart;.\epaper;.\led;.\other_head;.\
                    -keyboard;.\smg;.\OLED;.\mycommon) DEBUG

line level    source

   1          #include <reg52.h>
   2          #include "LED.h"
   3          #include "smg.h"
   4          #include "ePaper.h"
   5          #include "PinDefine.h"
   6          #include "uart.h"
   7          #include "keyboard.h"
   8          #include <string.h>
   9          #include "mycommon.h"
  10          #include "oled.h"
  11          
  12          
  13          
  14          int main(){
  15   1              ePaperInit();
  16   1      //      InitOled();
  17   1      //      OLED_Clear();
  18   1      //      OLED_Displaynum6_8(0, 0, -321654);
  19   1      //      OLED_P6x8Str(0, 1, "This is my nth OLED program.");
  20   1              
  21   1              epaperClean();
  22   1              epaperRefresh();
  23   1              delay(500);
  24   1              
  25   1              Displaystr6_8(0, 1, "This is my first ePaper program.");
  26   1              Displaystr6_8_2(280, 2, "This is my first ePaper program.And now alsdjfoi ajsiodfjaosi j aoispoiuwuj j239
             -3274598 !$#%#@^ owqiejfiodaj.");
  27   1              Displaynum6_8(0, 0, -123.5);
  28   1              epaperSleep();
  29   1      
  30   1              
  31   1              
  32   1      
  33   1              while(1);
  34   1              return 0;
  35   1      }


MODULE INFORMATION:   STATIC OVERLAYABLE
   CODE SIZE        =     67    ----
   CONSTANT SIZE    =    143    ----
   XDATA SIZE       =   ----    ----
   PDATA SIZE       =   ----    ----
   DATA SIZE        =   ----    ----
   IDATA SIZE       =   ----    ----
   BIT SIZE         =   ----    ----
   EDATA SIZE       =   ----    ----
   HDATA SIZE       =   ----    ----
   XDATA CONST SIZE =   ----    ----
   FAR CONST SIZE   =   ----    ----
END OF MODULE INFORMATION.


C51 COMPILATION COMPLETE.  0 WARNING(S),  0 ERROR(S)
