C51 COMPILER V9.00   MYCOMMON                                                              05/12/2021 10:51:02 PAGE 1   


C51 COMPILER V9.00, COMPILATION OF MODULE MYCOMMON
OBJECT MODULE PLACED IN mycommon.obj
COMPILER INVOKED BY: C:\RJ\Keil_v5\C51\BIN\C51.EXE mycommon\mycommon.c LARGE OMF2 BROWSE INCDIR(.\uart;.\epaper;.\led;.\
                    -other_head;.\keyboard;.\smg;.\OLED;.\mycommon) DEBUG PRINT(.\mycommon.lst) OBJECT(mycommon.obj)

line level    source

   1          #include <intrins.h>
   2          #include "mycommon.h"
   3          
   4          void senddelay(){
   5   1              unsigned char i=5;
   6   1              while(i--)
   7   1                      _nop_();
   8   1      }
   9          
  10          void delay(unsigned int n){
  11   1        int i;
  12   1              
  13   1              for(;n>0;--n){
  14   2                i=1000;
  15   2                      for(;i>0;--i);
  16   2              }
  17   1      }
  18          
  19          
  20          
  21          // 我的取绝对值函数
  22          double myabs(double x){
  23   1              if(x < 0)
  24   1                      return -x;
  25   1              else
  26   1                      return x;
  27   1      }
  28          
  29          
  30          
  31          // 判断一个数是不是小数
  32          bit isDecimal(double x){
  33   1              x = myabs(x);
  34   1              
  35   1              if( x - (long)x > 0)
  36   1                      return 1;
  37   1              else
  38   1                      return 0;
  39   1      }
  40          
  41          
  42          
  43          // 整数专用次方
  44          long mypow(long x, int n){
  45   1              int i;
  46   1              long temp = 1;
  47   1              
  48   1              if(n == 0)
  49   1                      return 1;
  50   1              
  51   1              for( i = n; i > 0; i--)
  52   1                      temp *= x;
  53   1              return temp;
  54   1      }
C51 COMPILER V9.00   MYCOMMON                                                              05/12/2021 10:51:02 PAGE 2   

  55          
  56          const unsigned char code F6x8[][6] =
  57          {
  58              { 0x00, 0x00, 0x00, 0x00, 0x00, 0x00 },   // sp
  59              { 0x00, 0x00, 0x00, 0x2f, 0x00, 0x00 },   // !
  60              { 0x00, 0x00, 0x07, 0x00, 0x07, 0x00 },   // "
  61              { 0x00, 0x14, 0x7f, 0x14, 0x7f, 0x14 },   // #
  62              { 0x00, 0x24, 0x2a, 0x7f, 0x2a, 0x12 },   // $               0x00, 0x24, 0x2a, 0x7f, 0x2a, 0x12
  63              { 0x00, 0x62, 0x64, 0x08, 0x13, 0x23 },   // %
  64              { 0x00, 0x36, 0x49, 0x55, 0x22, 0x50 },   // &
  65              { 0x00, 0x00, 0x05, 0x03, 0x00, 0x00 },   // '
  66              { 0x00, 0x00, 0x1c, 0x22, 0x41, 0x00 },   // (
  67              { 0x00, 0x00, 0x41, 0x22, 0x1c, 0x00 },   // )
  68              { 0x00, 0x14, 0x08, 0x3E, 0x08, 0x14 },   // *
  69              { 0x00, 0x08, 0x08, 0x3E, 0x08, 0x08 },   // +
  70              { 0x00, 0x00, 0x00, 0xA0, 0x60, 0x00 },   // ,
  71              { 0x00, 0x08, 0x08, 0x08, 0x08, 0x08 },   // -
  72              { 0x00, 0x00, 0x60, 0x60, 0x00, 0x00 },   // .
  73              { 0x00, 0x20, 0x10, 0x08, 0x04, 0x02 },   // /
  74              { 0x00, 0x3E, 0x51, 0x49, 0x45, 0x3E },   // 0
  75              { 0x00, 0x00, 0x42, 0x7F, 0x40, 0x00 },   // 1
  76              { 0x00, 0x42, 0x61, 0x51, 0x49, 0x46 },   // 2
  77              { 0x00, 0x21, 0x41, 0x45, 0x4B, 0x31 },   // 3
  78              { 0x00, 0x18, 0x14, 0x12, 0x7F, 0x10 },   // 4
  79              { 0x00, 0x27, 0x45, 0x45, 0x45, 0x39 },   // 5
  80              { 0x00, 0x3C, 0x4A, 0x49, 0x49, 0x30 },   // 6
  81              { 0x00, 0x01, 0x71, 0x09, 0x05, 0x03 },   // 7
  82              { 0x00, 0x36, 0x49, 0x49, 0x49, 0x36 },   // 8
  83              { 0x00, 0x06, 0x49, 0x49, 0x29, 0x1E },   // 9
  84              { 0x00, 0x00, 0x36, 0x36, 0x00, 0x00 },   // :
  85              { 0x00, 0x00, 0x56, 0x36, 0x00, 0x00 },   // ;
  86              { 0x00, 0x08, 0x14, 0x22, 0x41, 0x00 },   // <
  87              { 0x00, 0x14, 0x14, 0x14, 0x14, 0x14 },   // =
  88              { 0x00, 0x00, 0x41, 0x22, 0x14, 0x08 },   // >
  89              { 0x00, 0x02, 0x01, 0x51, 0x09, 0x06 },   // ?
  90              { 0x00, 0x32, 0x49, 0x59, 0x51, 0x3E },   // @                  0x00, 0x32, 0x49, 0x59, 0x51, 0x3E
  91              { 0x00, 0x7C, 0x12, 0x11, 0x12, 0x7C },   // A
  92              { 0x00, 0x7F, 0x49, 0x49, 0x49, 0x36 },   // B
  93              { 0x00, 0x3E, 0x41, 0x41, 0x41, 0x22 },   // C
  94              { 0x00, 0x7F, 0x41, 0x41, 0x22, 0x1C },   // D
  95              { 0x00, 0x7F, 0x49, 0x49, 0x49, 0x41 },   // E
  96              { 0x00, 0x7F, 0x09, 0x09, 0x09, 0x01 },   // F
  97              { 0x00, 0x3E, 0x41, 0x49, 0x49, 0x7A },   // G
  98              { 0x00, 0x7F, 0x08, 0x08, 0x08, 0x7F },   // H
  99              { 0x00, 0x00, 0x41, 0x7F, 0x41, 0x00 },   // I
 100              { 0x00, 0x20, 0x40, 0x41, 0x3F, 0x01 },   // J
 101              { 0x00, 0x7F, 0x08, 0x14, 0x22, 0x41 },   // K
 102              { 0x00, 0x7F, 0x40, 0x40, 0x40, 0x40 },   // L
 103              { 0x00, 0x7F, 0x02, 0x0C, 0x02, 0x7F },   // M
 104              { 0x00, 0x7F, 0x04, 0x08, 0x10, 0x7F },   // N
 105              { 0x00, 0x3E, 0x41, 0x41, 0x41, 0x3E },   // O
 106              { 0x00, 0x7F, 0x09, 0x09, 0x09, 0x06 },   // P
 107              { 0x00, 0x3E, 0x41, 0x51, 0x21, 0x5E },   // Q
 108              { 0x00, 0x7F, 0x09, 0x19, 0x29, 0x46 },   // R
 109              { 0x00, 0x46, 0x49, 0x49, 0x49, 0x31 },   // S
 110              { 0x00, 0x01, 0x01, 0x7F, 0x01, 0x01 },   // T
 111              { 0x00, 0x3F, 0x40, 0x40, 0x40, 0x3F },   // U
 112              { 0x00, 0x1F, 0x20, 0x40, 0x20, 0x1F },   // V
 113              { 0x00, 0x3F, 0x40, 0x38, 0x40, 0x3F },   // W
 114              { 0x00, 0x63, 0x14, 0x08, 0x14, 0x63 },   // X
 115              { 0x00, 0x07, 0x08, 0x70, 0x08, 0x07 },   // Y
 116              { 0x00, 0x61, 0x51, 0x49, 0x45, 0x43 },   // Z
C51 COMPILER V9.00   MYCOMMON                                                              05/12/2021 10:51:02 PAGE 3   

 117              { 0x00, 0x00, 0x7F, 0x41, 0x41, 0x00 },   // [
 118              { 0x00, 0x55, 0x2A, 0x55, 0x2A, 0x55 },   // 55
 119              { 0x00, 0x00, 0x41, 0x41, 0x7F, 0x00 },   // ]
 120              { 0x00, 0x04, 0x02, 0x01, 0x02, 0x04 },   // ^
 121              { 0x00, 0x40, 0x40, 0x40, 0x40, 0x40 },   // _
 122              { 0x00, 0x00, 0x01, 0x02, 0x04, 0x00 },   // '
 123              { 0x00, 0x20, 0x54, 0x54, 0x54, 0x78 },   // a
 124              { 0x00, 0x7F, 0x48, 0x44, 0x44, 0x38 },   // b
 125              { 0x00, 0x38, 0x44, 0x44, 0x44, 0x20 },   // c
 126              { 0x00, 0x38, 0x44, 0x44, 0x48, 0x7F },   // d
 127              { 0x00, 0x38, 0x54, 0x54, 0x54, 0x18 },   // e
 128              { 0x00, 0x08, 0x7E, 0x09, 0x01, 0x02 },   // f
 129              { 0x00, 0x18, 0xA4, 0xA4, 0xA4, 0x7C },   // g
 130              { 0x00, 0x7F, 0x08, 0x04, 0x04, 0x78 },   // h
 131              { 0x00, 0x00, 0x44, 0x7D, 0x40, 0x00 },   // i
 132              { 0x00, 0x40, 0x80, 0x84, 0x7D, 0x00 },   // j
 133              { 0x00, 0x7F, 0x10, 0x28, 0x44, 0x00 },   // k
 134              { 0x00, 0x00, 0x41, 0x7F, 0x40, 0x00 },   // l
 135              { 0x00, 0x7C, 0x04, 0x18, 0x04, 0x78 },   // m
 136              { 0x00, 0x7C, 0x08, 0x04, 0x04, 0x78 },   // n
 137              { 0x00, 0x38, 0x44, 0x44, 0x44, 0x38 },   // o
 138              { 0x00, 0xFC, 0x24, 0x24, 0x24, 0x18 },   // p
 139              { 0x00, 0x18, 0x24, 0x24, 0x18, 0xFC },   // q
 140              { 0x00, 0x7C, 0x08, 0x04, 0x04, 0x08 },   // r
 141              { 0x00, 0x48, 0x54, 0x54, 0x54, 0x20 },   // s
 142              { 0x00, 0x04, 0x3F, 0x44, 0x40, 0x20 },   // t
 143              { 0x00, 0x3C, 0x40, 0x40, 0x20, 0x7C },   // u
 144              { 0x00, 0x1C, 0x20, 0x40, 0x20, 0x1C },   // v
 145              { 0x00, 0x3C, 0x40, 0x30, 0x40, 0x3C },   // w
 146              { 0x00, 0x44, 0x28, 0x10, 0x28, 0x44 },   // x
 147              { 0x00, 0x1C, 0xA0, 0xA0, 0xA0, 0x7C },   // y
 148              { 0x00, 0x44, 0x64, 0x54, 0x4C, 0x44 },   // z
 149                  { 0x00, 0x00, 0x18, 0x7e, 0x81, 0x00 },   // {
 150                  { 0x00, 0x81, 0x7e, 0x18, 0x00, 0x00 },   // }
 151                  { 0x00, 0x00, 0xff, 0xff, 0x00, 0x00 },   // |
 152              { 0x08, 0x10, 0x08, 0x04, 0x08, 0x10 }    // ~
 153          };


MODULE INFORMATION:   STATIC OVERLAYABLE
   CODE SIZE        =    313    ----
   CONSTANT SIZE    =    570    ----
   XDATA SIZE       =   ----      20
   PDATA SIZE       =   ----    ----
   DATA SIZE        =   ----    ----
   IDATA SIZE       =   ----    ----
   BIT SIZE         =   ----    ----
   EDATA SIZE       =   ----    ----
   HDATA SIZE       =   ----    ----
   XDATA CONST SIZE =   ----    ----
   FAR CONST SIZE   =   ----    ----
END OF MODULE INFORMATION.


C51 COMPILATION COMPLETE.  0 WARNING(S),  0 ERROR(S)
